../Core/Src/main.c:73:6:HAL_TIM_PeriodElapsedCallback	16	static
../Core/Src/main.c:91:5:main	8	static
../Core/Src/main.c:139:6:SystemClock_Config	72	static
../Core/Src/main.c:176:13:MX_I2C1_Init	8	static
../Core/Src/main.c:210:13:MX_TIM2_Init	32	static
../Core/Src/main.c:255:13:MX_USART1_UART_Init	8	static
../Core/Src/main.c:288:13:MX_GPIO_Init	16	static
../Core/Src/main.c:302:6:task1	8	static
../Core/Src/main.c:307:6:task2	40	static
../Core/Src/main.c:313:6:task3	16	static
../Core/Src/main.c:328:6:Error_Handler	4	static,ignoring_inline_asm
