../Core/Src/main.c:84:5:main	152	static
../Core/Src/main.c:183:6:SystemClock_Config	72	static
../Core/Src/main.c:220:13:MX_I2C1_Init	8	static
../Core/Src/main.c:254:13:MX_USART1_UART_Init	8	static
../Core/Src/main.c:287:13:MX_GPIO_Init	16	static
../Core/Src/main.c:301:6:HAL_UART_RxCpltCallback	16	static
../Core/Src/main.c:315:6:StartDefaultTask	32	static
../Core/Src/main.c:339:6:StartTask02	160	static
../Core/Src/main.c:364:6:StartTask03	136	static
../Core/Src/main.c:395:6:StartTask04	32	static
../Core/Src/main.c:423:6:HAL_TIM_PeriodElapsedCallback	16	static
../Core/Src/main.c:440:6:Error_Handler	4	static,ignoring_inline_asm
