Archive member included to satisfy reference by file (symbol)

C:/ST/STM32CubeIDE_1.16.1/STM32CubeIDE/plugins/com.st.stm32cube.ide.mcu.externaltools.gnu-tools-for-stm32.12.3.rel1.win32_1.0.200.202406191623/tools/bin/../lib/gcc/arm-none-eabi/12.3.1/../../../../arm-none-eabi/lib/thumb/v7-m/nofp\libc_nano.a(libc_a-exit.o)
                              C:/ST/STM32CubeIDE_1.16.1/STM32CubeIDE/plugins/com.st.stm32cube.ide.mcu.externaltools.gnu-tools-for-stm32.12.3.rel1.win32_1.0.200.202406191623/tools/bin/../lib/gcc/arm-none-eabi/12.3.1/../../../../arm-none-eabi/lib/thumb/v7-m/nofp/crt0.o (exit)
C:/ST/STM32CubeIDE_1.16.1/STM32CubeIDE/plugins/com.st.stm32cube.ide.mcu.externaltools.gnu-tools-for-stm32.12.3.rel1.win32_1.0.200.202406191623/tools/bin/../lib/gcc/arm-none-eabi/12.3.1/../../../../arm-none-eabi/lib/thumb/v7-m/nofp\libc_nano.a(libc_a-nano-vfprintf_float.o)
                              (_printf_float)
C:/ST/STM32CubeIDE_1.16.1/STM32CubeIDE/plugins/com.st.stm32cube.ide.mcu.externaltools.gnu-tools-for-stm32.12.3.rel1.win32_1.0.200.202406191623/tools/bin/../lib/gcc/arm-none-eabi/12.3.1/../../../../arm-none-eabi/lib/thumb/v7-m/nofp\libc_nano.a(libc_a-nano-vfprintf_i.o)
                              C:/ST/STM32CubeIDE_1.16.1/STM32CubeIDE/plugins/com.st.stm32cube.ide.mcu.externaltools.gnu-tools-for-stm32.12.3.rel1.win32_1.0.200.202406191623/tools/bin/../lib/gcc/arm-none-eabi/12.3.1/../../../../arm-none-eabi/lib/thumb/v7-m/nofp\libc_nano.a(libc_a-nano-vfprintf_float.o) (_printf_common)
C:/ST/STM32CubeIDE_1.16.1/STM32CubeIDE/plugins/com.st.stm32cube.ide.mcu.externaltools.gnu-tools-for-stm32.12.3.rel1.win32_1.0.200.202406191623/tools/bin/../lib/gcc/arm-none-eabi/12.3.1/../../../../arm-none-eabi/lib/thumb/v7-m/nofp\libc_nano.a(libc_a-nano-vfscanf_float.o)
                              (_scanf_float)
C:/ST/STM32CubeIDE_1.16.1/STM32CubeIDE/plugins/com.st.stm32cube.ide.mcu.externaltools.gnu-tools-for-stm32.12.3.rel1.win32_1.0.200.202406191623/tools/bin/../lib/gcc/arm-none-eabi/12.3.1/../../../../arm-none-eabi/lib/thumb/v7-m/nofp\libc_nano.a(libc_a-findfp.o)
                              C:/ST/STM32CubeIDE_1.16.1/STM32CubeIDE/plugins/com.st.stm32cube.ide.mcu.externaltools.gnu-tools-for-stm32.12.3.rel1.win32_1.0.200.202406191623/tools/bin/../lib/gcc/arm-none-eabi/12.3.1/../../../../arm-none-eabi/lib/thumb/v7-m/nofp\libc_nano.a(libc_a-exit.o) (__stdio_exit_handler)
C:/ST/STM32CubeIDE_1.16.1/STM32CubeIDE/plugins/com.st.stm32cube.ide.mcu.externaltools.gnu-tools-for-stm32.12.3.rel1.win32_1.0.200.202406191623/tools/bin/../lib/gcc/arm-none-eabi/12.3.1/../../../../arm-none-eabi/lib/thumb/v7-m/nofp\libc_nano.a(libc_a-fwalk.o)
                              C:/ST/STM32CubeIDE_1.16.1/STM32CubeIDE/plugins/com.st.stm32cube.ide.mcu.externaltools.gnu-tools-for-stm32.12.3.rel1.win32_1.0.200.202406191623/tools/bin/../lib/gcc/arm-none-eabi/12.3.1/../../../../arm-none-eabi/lib/thumb/v7-m/nofp\libc_nano.a(libc_a-findfp.o) (_fwalk_sglue)
C:/ST/STM32CubeIDE_1.16.1/STM32CubeIDE/plugins/com.st.stm32cube.ide.mcu.externaltools.gnu-tools-for-stm32.12.3.rel1.win32_1.0.200.202406191623/tools/bin/../lib/gcc/arm-none-eabi/12.3.1/../../../../arm-none-eabi/lib/thumb/v7-m/nofp\libc_nano.a(libc_a-snprintf.o)
                              ./Core/Src/main.o (snprintf)
C:/ST/STM32CubeIDE_1.16.1/STM32CubeIDE/plugins/com.st.stm32cube.ide.mcu.externaltools.gnu-tools-for-stm32.12.3.rel1.win32_1.0.200.202406191623/tools/bin/../lib/gcc/arm-none-eabi/12.3.1/../../../../arm-none-eabi/lib/thumb/v7-m/nofp\libc_nano.a(libc_a-sprintf.o)
                              C:/ST/STM32CubeIDE_1.16.1/STM32CubeIDE/plugins/com.st.stm32cube.ide.mcu.externaltools.gnu-tools-for-stm32.12.3.rel1.win32_1.0.200.202406191623/tools/bin/../lib/gcc/arm-none-eabi/12.3.1/../../../../arm-none-eabi/lib/thumb/v7-m/nofp\libc_nano.a(libc_a-nano-vfscanf_float.o) (sprintf)
C:/ST/STM32CubeIDE_1.16.1/STM32CubeIDE/plugins/com.st.stm32cube.ide.mcu.externaltools.gnu-tools-for-stm32.12.3.rel1.win32_1.0.200.202406191623/tools/bin/../lib/gcc/arm-none-eabi/12.3.1/../../../../arm-none-eabi/lib/thumb/v7-m/nofp\libc_nano.a(libc_a-stdio.o)
                              C:/ST/STM32CubeIDE_1.16.1/STM32CubeIDE/plugins/com.st.stm32cube.ide.mcu.externaltools.gnu-tools-for-stm32.12.3.rel1.win32_1.0.200.202406191623/tools/bin/../lib/gcc/arm-none-eabi/12.3.1/../../../../arm-none-eabi/lib/thumb/v7-m/nofp\libc_nano.a(libc_a-findfp.o) (__sread)
C:/ST/STM32CubeIDE_1.16.1/STM32CubeIDE/plugins/com.st.stm32cube.ide.mcu.externaltools.gnu-tools-for-stm32.12.3.rel1.win32_1.0.200.202406191623/tools/bin/../lib/gcc/arm-none-eabi/12.3.1/../../../../arm-none-eabi/lib/thumb/v7-m/nofp\libc_nano.a(libc_a-memset.o)
                              C:/ST/STM32CubeIDE_1.16.1/STM32CubeIDE/plugins/com.st.stm32cube.ide.mcu.externaltools.gnu-tools-for-stm32.12.3.rel1.win32_1.0.200.202406191623/tools/bin/../lib/gcc/arm-none-eabi/12.3.1/../../../../arm-none-eabi/lib/thumb/v7-m/nofp/crt0.o (memset)
[...]
Memory Configuration

Name             Origin             Length             Attributes
RAM              0x20000000         0x00005000         xrw
FLASH            0x08000000         0x00010000         xr
*default*        0x00000000         0xffffffff

Linker script and memory map

LOAD C:/ST/STM32CubeIDE_1.16.1/STM32CubeIDE/plugins/com.st.stm32cube.ide.mcu.externaltools.gnu-tools-for-stm32.12.3.rel1.win32_1.0.200.202406191623/tools/bin/../lib/gcc/arm-none-eabi/12.3.1/thumb/v7-m/nofp/crti.o
LOAD C:/ST/STM32CubeIDE_1.16.1/STM32CubeIDE/plugins/com.st.stm32cube.ide.mcu.externaltools.gnu-tools-for-stm32.12.3.rel1.win32_1.0.200.202406191623/tools/bin/../lib/gcc/arm-none-eabi/12.3.1/thumb/v7-m/nofp/crtbegin.o
LOAD C:/ST/STM32CubeIDE_1.16.1/STM32CubeIDE/plugins/com.st.stm32cube.ide.mcu.externaltools.gnu-tools-for-stm32.12.3.rel1.win32_1.0.200.202406191623/tools/bin/../lib/gcc/arm-none-eabi/12.3.1/../../../../arm-none-eabi/lib/thumb/v7-m/nofp/crt0.o
LOAD ./Core/Src/DHT.o
LOAD ./Core/Src/lcd_i2c.o
LOAD ./Core/Src/main.o
LOAD ./Core/Src/stm32f1xx_hal_msp.o
LOAD ./Core/Src/stm32f1xx_it.o
LOAD ./Core/Src/syscalls.o
LOAD ./Core/Src/sysmem.o
LOAD ./Core/Src/system_stm32f1xx.o
LOAD ./Core/Startup/startup_stm32f103c8tx.o
LOAD ./Drivers/STM32F1xx_HAL_Driver/Src/stm32f1xx_hal.o
LOAD ./Drivers/STM32F1xx_HAL_Driver/Src/stm32f1xx_hal_cortex.o
LOAD ./Drivers/STM32F1xx_HAL_Driver/Src/stm32f1xx_hal_dma.o
LOAD ./Drivers/STM32F1xx_HAL_Driver/Src/stm32f1xx_hal_exti.o
LOAD ./Drivers/STM32F1xx_HAL_Driver/Src/stm32f1xx_hal_flash.o
LOAD ./Drivers/STM32F1xx_HAL_Driver/Src/stm32f1xx_hal_flash_ex.o
LOAD ./Drivers/STM32F1xx_HAL_Driver/Src/stm32f1xx_hal_gpio.o
LOAD ./Drivers/STM32F1xx_HAL_Driver/Src/stm32f1xx_hal_gpio_ex.o
LOAD ./Drivers/STM32F1xx_HAL_Driver/Src/stm32f1xx_hal_i2c.o
LOAD ./Drivers/STM32F1xx_HAL_Driver/Src/stm32f1xx_hal_pwr.o
LOAD ./Drivers/STM32F1xx_HAL_Driver/Src/stm32f1xx_hal_rcc.o
LOAD ./Drivers/STM32F1xx_HAL_Driver/Src/stm32f1xx_hal_rcc_ex.o
LOAD ./Drivers/STM32F1xx_HAL_Driver/Src/stm32f1xx_hal_tim.o
LOAD ./Drivers/STM32F1xx_HAL_Driver/Src/stm32f1xx_hal_tim_ex.o
LOAD ./Drivers/STM32F1xx_HAL_Driver/Src/stm32f1xx_hal_uart.o
START GROUP
LOAD C:/ST/STM32CubeIDE_1.16.1/STM32CubeIDE/plugins/com.st.stm32cube.ide.mcu.externaltools.gnu-tools-for-stm32.12.3.rel1.win32_1.0.200.202406191623/tools/bin/../lib/gcc/arm-none-eabi/12.3.1/../../../../arm-none-eabi/lib/thumb/v7-m/nofp\libc_nano.a
LOAD C:/ST/STM32CubeIDE_1.16.1/STM32CubeIDE/plugins/com.st.stm32cube.ide.mcu.externaltools.gnu-tools-for-stm32.12.3.rel1.win32_1.0.200.202406191623/tools/bin/../lib/gcc/arm-none-eabi/12.3.1/../../../../arm-none-eabi/lib/thumb/v7-m/nofp\libm.a
END GROUP
START GROUP
LOAD C:/ST/STM32CubeIDE_1.16.1/STM32CubeIDE/plugins/com.st.stm32cube.ide.mcu.externaltools.gnu-tools-for-stm32.12.3.rel1.win32_1.0.200.202406191623/tools/bin/../lib/gcc/arm-none-eabi/12.3.1/thumb/v7-m/nofp\libgcc.a
LOAD C:/ST/STM32CubeIDE_1.16.1/STM32CubeIDE/plugins/com.st.stm32cube.ide.mcu.externaltools.gnu-tools-for-stm32.12.3.rel1.win32_1.0.200.202406191623/tools/bin/../lib/gcc/arm-none-eabi/12.3.1/../../../../arm-none-eabi/lib/thumb/v7-m/nofp\libc_nano.a
END GROUP
START GROUP
LOAD C:/ST/STM32CubeIDE_1.16.1/STM32CubeIDE/plugins/com.st.stm32cube.ide.mcu.externaltools.gnu-tools-for-stm32.12.3.rel1.win32_1.0.200.202406191623/tools/bin/../lib/gcc/arm-none-eabi/12.3.1/thumb/v7-m/nofp\libgcc.a
LOAD C:/ST/STM32CubeIDE_1.16.1/STM32CubeIDE/plugins/com.st.stm32cube.ide.mcu.externaltools.gnu-tools-for-stm32.12.3.rel1.win32_1.0.200.202406191623/tools/bin/../lib/gcc/arm-none-eabi/12.3.1/../../../../arm-none-eabi/lib/thumb/v7-m/nofp\libc_nano.a
LOAD C:/ST/STM32CubeIDE_1.16.1/STM32CubeIDE/plugins/com.st.stm32cube.ide.mcu.externaltools.gnu-tools-for-stm32.12.3.rel1.win32_1.0.200.202406191623/tools/bin/../lib/gcc/arm-none-eabi/12.3.1/../../../../arm-none-eabi/lib/thumb/v7-m/nofp\libnosys.a
END GROUP
START GROUP
LOAD C:/ST/STM32CubeIDE_1.16.1/STM32CubeIDE/plugins/com.st.stm32cube.ide.mcu.externaltools.gnu-tools-for-stm32.12.3.rel1.win32_1.0.200.202406191623/tools/bin/../lib/gcc/arm-none-eabi/12.3.1/thumb/v7-m/nofp\libgcc.a
LOAD C:/ST/STM32CubeIDE_1.16.1/STM32CubeIDE/plugins/com.st.stm32cube.ide.mcu.externaltools.gnu-tools-for-stm32.12.3.rel1.win32_1.0.200.202406191623/tools/bin/../lib/gcc/arm-none-eabi/12.3.1/../../../../arm-none-eabi/lib/thumb/v7-m/nofp\libc_nano.a
LOAD C:/ST/STM32CubeIDE_1.16.1/STM32CubeIDE/plugins/com.st.stm32cube.ide.mcu.externaltools.gnu-tools-for-stm32.12.3.rel1.win32_1.0.200.202406191623/tools/bin/../lib/gcc/arm-none-eabi/12.3.1/../../../../arm-none-eabi/lib/thumb/v7-m/nofp\libnosys.a
END GROUP
LOAD C:/ST/STM32CubeIDE_1.16.1/STM32CubeIDE/plugins/com.st.stm32cube.ide.mcu.externaltools.gnu-tools-for-stm32.12.3.rel1.win32_1.0.200.202406191623/tools/bin/../lib/gcc/arm-none-eabi/12.3.1/thumb/v7-m/nofp/crtend.o
LOAD C:/ST/STM32CubeIDE_1.16.1/STM32CubeIDE/plugins/com.st.stm32cube.ide.mcu.externaltools.gnu-tools-for-stm32.12.3.rel1.win32_1.0.200.202406191623/tools/bin/../lib/gcc/arm-none-eabi/12.3.1/thumb/v7-m/nofp/crtn.o
                0x20005000                        _estack = (ORIGIN (RAM) + LENGTH (RAM))
                0x00000200                        _Min_Heap_Size = 0x200
                0x00000400                        _Min_Stack_Size = 0x400

.isr_vector     0x08000000      0x10c
                0x08000000                        . = ALIGN (0x4)
 *(.isr_vector)
 .isr_vector    0x08000000      0x10c ./Core/Startup/startup_stm32f103c8tx.o
                0x08000000                g_pfnVectors
                0x0800010c                        . = ALIGN (0x4)

.text           0x08000110     0x860c
                0x08000110                        . = ALIGN (0x4)
 *(.text)
 .text          0x08000110       0x40 C:/ST/STM32CubeIDE_1.16.1/STM32CubeIDE/plugins/com.st.stm32cube.ide.mcu.externaltools.gnu-tools-for-stm32.12.3.rel1.win32_1.0.200.202406191623/tools/bin/../lib/gcc/arm-none-eabi/12.3.1/thumb/v7-m/nofp/crtbegin.o
 .text          0x08000150       0x10 C:/ST/STM32CubeIDE_1.16.1/STM32CubeIDE/plugins/com.st.stm32cube.ide.mcu.externaltools.gnu-tools-for-stm32.12.3.rel1.win32_1.0.200.202406191623/tools/bin/../lib/gcc/arm-none-eabi/12.3.1/../../../../arm-none-eabi/lib/thumb/v7-m/nofp\libc_nano.a(libc_a-strlen.o)
                0x08000150                strlen
 .text          0x08000160      0x378 C:/ST/STM32CubeIDE_1.16.1/STM32CubeIDE/plugins/com.st.stm32cube.ide.mcu.externaltools.gnu-tools-for-stm32.12.3.rel1.win32_1.0.200.202406191623/tools/bin/../lib/gcc/arm-none-eabi/12.3.1/thumb/v7-m/nofp\libgcc.a(_arm_addsubdf3.o)
                0x08000160                __aeabi_drsub
                0x08000168                __aeabi_dsub
                0x08000168                __subdf3
                0x0800016c                __aeabi_dadd
                0x0800016c                __adddf3
                0x080003e4                __floatunsidf
                0x080003e4                __aeabi_ui2d
                0x08000404                __floatsidf
                0x08000404                __aeabi_i2d
                0x08000428                __aeabi_f2d
                0x08000428                __extendsfdf2
                0x0800046c                __floatundidf
                0x0800046c                __aeabi_ul2d
                0x0800047c                __floatdidf
                0x0800047c                __aeabi_l2d
 .text          0x080004d8      0x424 C:/ST/STM32CubeIDE_1.16.1/STM32CubeIDE/plugins/com.st.stm32cube.ide.mcu.externaltools.gnu-tools-for-stm32.12.3.rel1.win32_1.0.200.202406191623/tools/bin/../lib/gcc/arm-none-eabi/12.3.1/thumb/v7-m/nofp\libgcc.a(_arm_muldivdf3.o)
                0x080004d8                __aeabi_dmul
                0x080004d8                __muldf3
                0x0800072c                __divdf3
                0x0800072c                __aeabi_ddiv
 .text          0x080008fc      0x110 C:/ST/STM32CubeIDE_1.16.1/STM32CubeIDE/plugins/com.st.stm32cube.ide.mcu.externaltools.gnu-tools-for-stm32.12.3.rel1.win32_1.0.200.202406191623/tools/bin/../lib/gcc/arm-none-eabi/12.3.1/thumb/v7-m/nofp\libgcc.a(_arm_cmpdf2.o)
                0x080008fc                __gtdf2
                0x080008fc                __gedf2
                0x08000904                __ltdf2
                0x08000904                __ledf2
                0x0800090c                __nedf2
                0x0800090c                __eqdf2
                0x0800090c                __cmpdf2
                0x08000988                __aeabi_cdrcmple
                0x08000998                __aeabi_cdcmpeq
                0x08000998                __aeabi_cdcmple
                0x080009a8                __aeabi_dcmpeq
                0x080009bc                __aeabi_dcmplt
                0x080009d0                __aeabi_dcmple
                0x080009e4                __aeabi_dcmpge
                0x080009f8                __aeabi_dcmpgt
 .text          0x08000a0c       0x2c C:/ST/STM32CubeIDE_1.16.1/STM32CubeIDE/plugins/com.st.stm32cube.ide.mcu.externaltools.gnu-tools-for-stm32.12.3.rel1.win32_1.0.200.202406191623/tools/bin/../lib/gcc/arm-none-eabi/12.3.1/thumb/v7-m/nofp\libgcc.a(_arm_unorddf2.o)
                0x08000a0c                __unorddf2
                0x08000a0c                __aeabi_dcmpun
 .text          0x08000a38       0x50 C:/ST/STM32CubeIDE_1.16.1/STM32CubeIDE/plugins/com.st.stm32cube.ide.mcu.externaltools.gnu-tools-for-stm32.12.3.rel1.win32_1.0.200.202406191623/tools/bin/../lib/gcc/arm-none-eabi/12.3.1/thumb/v7-m/nofp\libgcc.a(_arm_fixdfsi.o)
                0x08000a38                __aeabi_d2iz
                0x08000a38                __fixdfsi
 .text          0x08000a88       0x40 C:/ST/STM32CubeIDE_1.16.1/STM32CubeIDE/plugins/com.st.stm32cube.ide.mcu.externaltools.gnu-tools-for-stm32.12.3.rel1.win32_1.0.200.202406191623/tools/bin/../lib/gcc/arm-none-eabi/12.3.1/thumb/v7-m/nofp\libgcc.a(_arm_fixunsdfsi.o)
                0x08000a88                __aeabi_d2uiz
                0x08000a88                __fixunsdfsi
 .text          0x08000ac8       0xa0 C:/ST/STM32CubeIDE_1.16.1/STM32CubeIDE/plugins/com.st.stm32cube.ide.mcu.externaltools.gnu-tools-for-stm32.12.3.rel1.win32_1.0.200.202406191623/tools/bin/../lib/gcc/arm-none-eabi/12.3.1/thumb/v7-m/nofp\libgcc.a(_arm_truncdfsf2.o)
                0x08000ac8                __truncdfsf2
                0x08000ac8                __aeabi_d2f
 .text          0x08000b68      0x21c C:/ST/STM32CubeIDE_1.16.1/STM32CubeIDE/plugins/com.st.stm32cube.ide.mcu.externaltools.gnu-tools-for-stm32.12.3.rel1.win32_1.0.200.202406191623/tools/bin/../lib/gcc/arm-none-eabi/12.3.1/thumb/v7-m/nofp\libgcc.a(_arm_addsubsf3.o)
                0x08000b68                __aeabi_frsub
                0x08000b70                __subsf3
                0x08000b70                __aeabi_fsub
                0x08000b74                __aeabi_fadd
                0x08000b74                __addsf3
                0x08000cd4                __aeabi_ui2f
                0x08000cd4                __floatunsisf
                0x08000cdc                __aeabi_i2f
                0x08000cdc                __floatsisf
                0x08000cf8                __aeabi_ul2f
                0x08000cf8                __floatundisf
                0x08000d08                __aeabi_l2f
                0x08000d08                __floatdisf
 .text          0x08000d84       0x30 C:/ST/STM32CubeIDE_1.16.1/STM32CubeIDE/plugins/com.st.stm32cube.ide.mcu.externaltools.gnu-tools-for-stm32.12.3.rel1.win32_1.0.200.202406191623/tools/bin/../lib/gcc/arm-none-eabi/12.3.1/thumb/v7-m/nofp\libgcc.a(_fixdfdi.o)
                0x08000d84                __fixdfdi
                0x08000d84                __aeabi_d2lz
 .text          0x08000db4       0x3c C:/ST/STM32CubeIDE_1.16.1/STM32CubeIDE/plugins/com.st.stm32cube.ide.mcu.externaltools.gnu-tools-for-stm32.12.3.rel1.win32_1.0.200.202406191623/tools/bin/../lib/gcc/arm-none-eabi/12.3.1/thumb/v7-m/nofp\libgcc.a(_fixunsdfdi.o)
                0x08000db4                __fixunsdfdi
                0x08000db4                __aeabi_d2ulz
 *(.text*)
 .text.DWT_Delay_Init
                0x08000df0       0x60 ./Core/Src/DHT.o
                0x08000df0                DWT_Delay_Init
 .text.delay    0x08000e50       0x48 ./Core/Src/DHT.o
 .text.Set_Pin_Output
                0x08000e98       0x3a ./Core/Src/DHT.o
                0x08000e98                Set_Pin_Output
 .text.Set_Pin_Input
                0x08000ed2       0x3a ./Core/Src/DHT.o
                0x08000ed2                Set_Pin_Input
 .text.DHT_Start
                0x08000f0c       0x44 ./Core/Src/DHT.o
                0x08000f0c                DHT_Start
 .text.DHT_Check_Response
                0x08000f50       0x5c ./Core/Src/DHT.o
                0x08000f50                DHT_Check_Response
 .text.DHT_Read
                0x08000fac       0x90 ./Core/Src/DHT.o
                0x08000fac                DHT_Read
 .text.DHT_GetData
                0x0800103c       0xb8 ./Core/Src/DHT.o
                0x0800103c                DHT_GetData
 .text.lcd_send_cmd
                0x080010f4       0x60 ./Core/Src/lcd_i2c.o
                0x080010f4                lcd_send_cmd
 .text.lcd_send_data
                0x08001154       0x60 ./Core/Src/lcd_i2c.o
                0x08001154                lcd_send_data
 .text.lcd_put_cur
                0x080011b4       0x3e ./Core/Src/lcd_i2c.o
                0x080011b4                lcd_put_cur
 .text.lcd_init
                0x080011f2       0x7a ./Core/Src/lcd_i2c.o
                0x080011f2                lcd_init
 .text.lcd_send_string
                0x0800126c       0x2a ./Core/Src/lcd_i2c.o
                0x0800126c                lcd_send_string
 *fill*         0x08001296        0x2 
 .text.main     0x08001298       0x4c ./Core/Src/main.o
                0x08001298                main
 .text.SystemClock_Config
                0x080012e4       0x76 ./Core/Src/main.o
                0x080012e4                SystemClock_Config
 *fill*         0x0800135a        0x2 
 .text.MX_I2C1_Init
                0x0800135c       0x5c ./Core/Src/main.o
 .text.MX_TIM2_Init
                0x080013b8       0x9c ./Core/Src/main.o
 .text.MX_USART1_UART_Init
                0x08001454       0x54 ./Core/Src/main.o
 .text.MX_GPIO_Init
                0x080014a8       0x44 ./Core/Src/main.o
 .text.task1    0x080014ec       0x18 ./Core/Src/main.o
                0x080014ec                task1
 .text.task2    0x08001504       0x68 ./Core/Src/main.o
                0x08001504                task2
 .text.task3    0x0800156c       0x84 ./Core/Src/main.o
                0x0800156c                task3
 .text.add_event
                0x080015f0       0x54 ./Core/Src/main.o
                0x080015f0                add_event
 .text.get_event
                0x08001644       0x68 ./Core/Src/main.o
                0x08001644                get_event
 .text.process_events
                0x080016ac       0x4c ./Core/Src/main.o
                0x080016ac                process_events
 .text.HAL_TIM_PeriodElapsedCallback
                0x080016f8       0x68 ./Core/Src/main.o
                0x080016f8                HAL_TIM_PeriodElapsedCallback
 .text.Error_Handler
                0x08001760        0xc ./Core/Src/main.o
                0x08001760                Error_Handler
 .text.HAL_MspInit
                0x0800176c       0x64 ./Core/Src/stm32f1xx_hal_msp.o
                0x0800176c                HAL_MspInit
 .text.HAL_I2C_MspInit
                0x080017d0       0x7c ./Core/Src/stm32f1xx_hal_msp.o
                0x080017d0                HAL_I2C_MspInit
 .text.HAL_TIM_Base_MspInit
                0x0800184c       0x48 ./Core/Src/stm32f1xx_hal_msp.o
                0x0800184c                HAL_TIM_Base_MspInit
 .text.HAL_UART_MspInit
                0x08001894       0x98 ./Core/Src/stm32f1xx_hal_msp.o
                0x08001894                HAL_UART_MspInit
 .text.NMI_Handler
                0x0800192c        0x8 ./Core/Src/stm32f1xx_it.o
                0x0800192c                NMI_Handler
 .text.HardFault_Handler
                0x08001934        0x8 ./Core/Src/stm32f1xx_it.o
                0x08001934                HardFault_Handler
 .text.MemManage_Handler
                0x0800193c        0x8 ./Core/Src/stm32f1xx_it.o
                0x0800193c                MemManage_Handler
 .text.BusFault_Handler
                0x08001944        0x8 ./Core/Src/stm32f1xx_it.o
                0x08001944                BusFault_Handler
 .text.UsageFault_Handler
                0x0800194c        0x8 ./Core/Src/stm32f1xx_it.o
                0x0800194c                UsageFault_Handler
 .text.SVC_Handler
                0x08001954        0xc ./Core/Src/stm32f1xx_it.o
                0x08001954                SVC_Handler
 .text.DebugMon_Handler
                0x08001960        0xc ./Core/Src/stm32f1xx_it.o
                0x08001960                DebugMon_Handler
 .text.PendSV_Handler
                0x0800196c        0xc ./Core/Src/stm32f1xx_it.o
                0x0800196c                PendSV_Handler
 .text.SysTick_Handler
                0x08001978        0xc ./Core/Src/stm32f1xx_it.o
                0x08001978                SysTick_Handler
 .text.TIM2_IRQHandler
                0x08001984       0x14 ./Core/Src/stm32f1xx_it.o
                0x08001984                TIM2_IRQHandler
 .text._getpid  0x08001998        0xe ./Core/Src/syscalls.o
                0x08001998                _getpid
 .text._kill    0x080019a6       0x20 ./Core/Src/syscalls.o
                0x080019a6                _kill
 .text._exit    0x080019c6       0x16 ./Core/Src/syscalls.o
                0x080019c6                _exit
 .text._read    0x080019dc       0x3a ./Core/Src/syscalls.o
                0x080019dc                _read
 .text._write   0x08001a16       0x38 ./Core/Src/syscalls.o
                0x08001a16                _write
 .text._close   0x08001a4e       0x16 ./Core/Src/syscalls.o
                0x08001a4e                _close
 .text._fstat   0x08001a64       0x1e ./Core/Src/syscalls.o
                0x08001a64                _fstat
 .text._isatty  0x08001a82       0x14 ./Core/Src/syscalls.o
                0x08001a82                _isatty
 .text._lseek   0x08001a96       0x18 ./Core/Src/syscalls.o
                0x08001a96                _lseek
 *fill*         0x08001aae        0x2 
 .text._sbrk    0x08001ab0       0x6c ./Core/Src/sysmem.o
                0x08001ab0                _sbrk
 .text.SystemInit
                0x08001b1c        0xc ./Core/Src/system_stm32f1xx.o
                0x08001b1c                SystemInit
 .text.Reset_Handler
                0x08001b28       0x48 ./Core/Startup/startup_stm32f103c8tx.o
                0x08001b28                Reset_Handler
 .text.Default_Handler
                0x08001b70        0x2 ./Core/Startup/startup_stm32f103c8tx.o
                0x08001b70                RTC_Alarm_IRQHandler
                0x08001b70                EXTI2_IRQHandler
                0x08001b70                TIM1_CC_IRQHandler
                0x08001b70                PVD_IRQHandler
                0x08001b70                EXTI3_IRQHandler
                0x08001b70                EXTI0_IRQHandler
                0x08001b70                I2C2_EV_IRQHandler
                0x08001b70                ADC1_2_IRQHandler
                0x08001b70                SPI1_IRQHandler
                0x08001b70                TAMPER_IRQHandler
                0x08001b70                DMA1_Channel4_IRQHandler
                0x08001b70                USART3_IRQHandler
                0x08001b70                RTC_IRQHandler
                0x08001b70                DMA1_Channel7_IRQHandler
                0x08001b70                CAN1_RX1_IRQHandler
                0x08001b70                TIM4_IRQHandler
                0x08001b70                I2C1_EV_IRQHandler
                0x08001b70                DMA1_Channel6_IRQHandler
                0x08001b70                TIM3_IRQHandler
                0x08001b70                RCC_IRQHandler
                0x08001b70                TIM1_TRG_COM_IRQHandler
                0x08001b70                DMA1_Channel1_IRQHandler
                0x08001b70                Default_Handler
                0x08001b70                EXTI15_10_IRQHandler
                0x08001b70                EXTI9_5_IRQHandler
                0x08001b70                SPI2_IRQHandler
                0x08001b70                DMA1_Channel5_IRQHandler
                0x08001b70                EXTI4_IRQHandler
                0x08001b70                USB_LP_CAN1_RX0_IRQHandler
                0x08001b70                USB_HP_CAN1_TX_IRQHandler
                0x08001b70                DMA1_Channel3_IRQHandler
                0x08001b70                TIM1_UP_IRQHandler
                0x08001b70                WWDG_IRQHandler
                0x08001b70                TIM1_BRK_IRQHandler
                0x08001b70                EXTI1_IRQHandler
                0x08001b70                USART2_IRQHandler
                0x08001b70                I2C2_ER_IRQHandler
                0x08001b70                DMA1_Channel2_IRQHandler
                0x08001b70                CAN1_SCE_IRQHandler
                0x08001b70                FLASH_IRQHandler
                0x08001b70                USART1_IRQHandler
                0x08001b70                I2C1_ER_IRQHandler
                0x08001b70                USBWakeUp_IRQHandler
 *fill*         0x08001b72        0x2 
 .text.HAL_Init
                0x08001b74       0x2c ./Drivers/STM32F1xx_HAL_Driver/Src/stm32f1xx_hal.o
                0x08001b74                HAL_Init
 .text.HAL_InitTick
                0x08001ba0       0x60 ./Drivers/STM32F1xx_HAL_Driver/Src/stm32f1xx_hal.o
                0x08001ba0                HAL_InitTick
 .text.HAL_IncTick
                0x08001c00       0x24 ./Drivers/STM32F1xx_HAL_Driver/Src/stm32f1xx_hal.o
                0x08001c00                HAL_IncTick
 .text.HAL_GetTick
                0x08001c24       0x14 ./Drivers/STM32F1xx_HAL_Driver/Src/stm32f1xx_hal.o
                0x08001c24                HAL_GetTick
 .text.HAL_Delay
                0x08001c38       0x48 ./Drivers/STM32F1xx_HAL_Driver/Src/stm32f1xx_hal.o
                0x08001c38                HAL_Delay
 .text.__NVIC_SetPriorityGrouping
                0x08001c80       0x48 ./Drivers/STM32F1xx_HAL_Driver/Src/stm32f1xx_hal_cortex.o
 .text.__NVIC_GetPriorityGrouping
                0x08001cc8       0x1c ./Drivers/STM32F1xx_HAL_Driver/Src/stm32f1xx_hal_cortex.o
 .text.__NVIC_EnableIRQ
                0x08001ce4       0x38 ./Drivers/STM32F1xx_HAL_Driver/Src/stm32f1xx_hal_cortex.o
 .text.__NVIC_SetPriority
                0x08001d1c       0x54 ./Drivers/STM32F1xx_HAL_Driver/Src/stm32f1xx_hal_cortex.o
 .text.NVIC_EncodePriority
                0x08001d70       0x64 ./Drivers/STM32F1xx_HAL_Driver/Src/stm32f1xx_hal_cortex.o
 .text.SysTick_Config
                0x08001dd4       0x44 ./Drivers/STM32F1xx_HAL_Driver/Src/stm32f1xx_hal_cortex.o
 .text.HAL_NVIC_SetPriorityGrouping
                0x08001e18       0x16 ./Drivers/STM32F1xx_HAL_Driver/Src/stm32f1xx_hal_cortex.o
                0x08001e18                HAL_NVIC_SetPriorityGrouping
 .text.HAL_NVIC_SetPriority
                0x08001e2e       0x38 ./Drivers/STM32F1xx_HAL_Driver/Src/stm32f1xx_hal_cortex.o
                0x08001e2e                HAL_NVIC_SetPriority
 .text.HAL_NVIC_EnableIRQ
                0x08001e66       0x1c ./Drivers/STM32F1xx_HAL_Driver/Src/stm32f1xx_hal_cortex.o
                0x08001e66                HAL_NVIC_EnableIRQ
 .text.HAL_SYSTICK_Config
                0x08001e82       0x18 ./Drivers/STM32F1xx_HAL_Driver/Src/stm32f1xx_hal_cortex.o
                0x08001e82                HAL_SYSTICK_Config
 *fill*         0x08001e9a        0x2 
 .text.HAL_GPIO_Init
                0x08001e9c      0x308 ./Drivers/STM32F1xx_HAL_Driver/Src/stm32f1xx_hal_gpio.o
                0x08001e9c                HAL_GPIO_Init
 .text.HAL_GPIO_ReadPin
                0x080021a4       0x2e ./Drivers/STM32F1xx_HAL_Driver/Src/stm32f1xx_hal_gpio.o
                0x080021a4                HAL_GPIO_ReadPin
 .text.HAL_GPIO_WritePin
                0x080021d2       0x30 ./Drivers/STM32F1xx_HAL_Driver/Src/stm32f1xx_hal_gpio.o
                0x080021d2                HAL_GPIO_WritePin
 *fill*         0x08002202        0x2 
 .text.HAL_I2C_Init
                0x08002204      0x288 ./Drivers/STM32F1xx_HAL_Driver/Src/stm32f1xx_hal_i2c.o
                0x08002204                HAL_I2C_Init
 .text.HAL_I2C_Master_Transmit
                0x0800248c      0x1fc ./Drivers/STM32F1xx_HAL_Driver/Src/stm32f1xx_hal_i2c.o
                0x0800248c                HAL_I2C_Master_Transmit
 .text.I2C_MasterRequestWrite
                0x08002688      0x104 ./Drivers/STM32F1xx_HAL_Driver/Src/stm32f1xx_hal_i2c.o
 .text.I2C_WaitOnFlagUntilTimeout
                0x0800278c       0xf4 ./Drivers/STM32F1xx_HAL_Driver/Src/stm32f1xx_hal_i2c.o
 .text.I2C_WaitOnMasterAddressFlagUntilTimeout
                0x08002880      0x140 ./Drivers/STM32F1xx_HAL_Driver/Src/stm32f1xx_hal_i2c.o
 .text.I2C_WaitOnTXEFlagUntilTimeout
                0x080029c0       0x90 ./Drivers/STM32F1xx_HAL_Driver/Src/stm32f1xx_hal_i2c.o
 .text.I2C_WaitOnBTFFlagUntilTimeout
                0x08002a50       0x90 ./Drivers/STM32F1xx_HAL_Driver/Src/stm32f1xx_hal_i2c.o
 .text.I2C_IsAcknowledgeFailed
                0x08002ae0       0x5c ./Drivers/STM32F1xx_HAL_Driver/Src/stm32f1xx_hal_i2c.o
 .text.HAL_RCC_OscConfig
                0x08002b3c      0x504 ./Drivers/STM32F1xx_HAL_Driver/Src/stm32f1xx_hal_rcc.o
                0x08002b3c                HAL_RCC_OscConfig
 .text.HAL_RCC_ClockConfig
                0x08003040      0x1d4 ./Drivers/STM32F1xx_HAL_Driver/Src/stm32f1xx_hal_rcc.o
                0x08003040                HAL_RCC_ClockConfig
 .text.HAL_RCC_GetSysClockFreq
                0x08003214       0xa8 ./Drivers/STM32F1xx_HAL_Driver/Src/stm32f1xx_hal_rcc.o
                0x08003214                HAL_RCC_GetSysClockFreq
 .text.HAL_RCC_GetHCLKFreq
                0x080032bc       0x14 ./Drivers/STM32F1xx_HAL_Driver/Src/stm32f1xx_hal_rcc.o
                0x080032bc                HAL_RCC_GetHCLKFreq
 .text.HAL_RCC_GetPCLK1Freq
                0x080032d0       0x28 ./Drivers/STM32F1xx_HAL_Driver/Src/stm32f1xx_hal_rcc.o
                0x080032d0                HAL_RCC_GetPCLK1Freq
 .text.HAL_RCC_GetPCLK2Freq
                0x080032f8       0x28 ./Drivers/STM32F1xx_HAL_Driver/Src/stm32f1xx_hal_rcc.o
                0x080032f8                HAL_RCC_GetPCLK2Freq
 .text.RCC_Delay
                0x08003320       0x3c ./Drivers/STM32F1xx_HAL_Driver/Src/stm32f1xx_hal_rcc.o
 .text.HAL_TIM_Base_Init
                0x0800335c       0x9e ./Drivers/STM32F1xx_HAL_Driver/Src/stm32f1xx_hal_tim.o
                0x0800335c                HAL_TIM_Base_Init
 *fill*         0x080033fa        0x2 
 .text.HAL_TIM_Base_Start_IT
                0x080033fc       0xa4 ./Drivers/STM32F1xx_HAL_Driver/Src/stm32f1xx_hal_tim.o
                0x080033fc                HAL_TIM_Base_Start_IT
 .text.HAL_TIM_Base_Stop_IT
                0x080034a0       0x5c ./Drivers/STM32F1xx_HAL_Driver/Src/stm32f1xx_hal_tim.o
                0x080034a0                HAL_TIM_Base_Stop_IT
 .text.HAL_TIM_IRQHandler
                0x080034fc      0x1e0 ./Drivers/STM32F1xx_HAL_Driver/Src/stm32f1xx_hal_tim.o
                0x080034fc                HAL_TIM_IRQHandler
 .text.HAL_TIM_ConfigClockSource
                0x080036dc      0x18e ./Drivers/STM32F1xx_HAL_Driver/Src/stm32f1xx_hal_tim.o
                0x080036dc                HAL_TIM_ConfigClockSource
 .text.HAL_TIM_OC_DelayElapsedCallback
                0x0800386a       0x12 ./Drivers/STM32F1xx_HAL_Driver/Src/stm32f1xx_hal_tim.o
                0x0800386a                HAL_TIM_OC_DelayElapsedCallback
 .text.HAL_TIM_IC_CaptureCallback
                0x0800387c       0x12 ./Drivers/STM32F1xx_HAL_Driver/Src/stm32f1xx_hal_tim.o
                0x0800387c                HAL_TIM_IC_CaptureCallback
 .text.HAL_TIM_PWM_PulseFinishedCallback
                0x0800388e       0x12 ./Drivers/STM32F1xx_HAL_Driver/Src/stm32f1xx_hal_tim.o
                0x0800388e                HAL_TIM_PWM_PulseFinishedCallback
 .text.HAL_TIM_TriggerCallback
                0x080038a0       0x12 ./Drivers/STM32F1xx_HAL_Driver/Src/stm32f1xx_hal_tim.o
                0x080038a0                HAL_TIM_TriggerCallback
 *fill*         0x080038b2        0x2 
 .text.TIM_Base_SetConfig
                0x080038b4       0xdc ./Drivers/STM32F1xx_HAL_Driver/Src/stm32f1xx_hal_tim.o
                0x080038b4                TIM_Base_SetConfig
 .text.TIM_TI1_ConfigInputStage
                0x08003990       0x5c ./Drivers/STM32F1xx_HAL_Driver/Src/stm32f1xx_hal_tim.o
 .text.TIM_TI2_ConfigInputStage
                0x080039ec       0x5e ./Drivers/STM32F1xx_HAL_Driver/Src/stm32f1xx_hal_tim.o
 .text.TIM_ITRx_SetConfig
                0x08003a4a       0x34 ./Drivers/STM32F1xx_HAL_Driver/Src/stm32f1xx_hal_tim.o
 .text.TIM_ETR_SetConfig
                0x08003a7e       0x3e ./Drivers/STM32F1xx_HAL_Driver/Src/stm32f1xx_hal_tim.o
                0x08003a7e                TIM_ETR_SetConfig
 .text.HAL_TIMEx_MasterConfigSynchronization
                0x08003abc       0xbc ./Drivers/STM32F1xx_HAL_Driver/Src/stm32f1xx_hal_tim_ex.o
                0x08003abc                HAL_TIMEx_MasterConfigSynchronization
 .text.HAL_TIMEx_CommutCallback
                0x08003b78       0x12 ./Drivers/STM32F1xx_HAL_Driver/Src/stm32f1xx_hal_tim_ex.o
                0x08003b78                HAL_TIMEx_CommutCallback
 .text.HAL_TIMEx_BreakCallback
                0x08003b8a       0x12 ./Drivers/STM32F1xx_HAL_Driver/Src/stm32f1xx_hal_tim_ex.o
                0x08003b8a                HAL_TIMEx_BreakCallback
 .text.HAL_UART_Init
                0x08003b9c       0xa0 ./Drivers/STM32F1xx_HAL_Driver/Src/stm32f1xx_hal_uart.o
                0x08003b9c                HAL_UART_Init
 .text.HAL_UART_Transmit
                0x08003c3c      0x116 ./Drivers/STM32F1xx_HAL_Driver/Src/stm32f1xx_hal_uart.o
                0x08003c3c                HAL_UART_Transmit
 .text.UART_WaitOnFlagUntilTimeout
                0x08003d52       0xb2 ./Drivers/STM32F1xx_HAL_Driver/Src/stm32f1xx_hal_uart.o
 .text.UART_EndRxTransfer
                0x08003e04       0xc4 ./Drivers/STM32F1xx_HAL_Driver/Src/stm32f1xx_hal_uart.o
 .text.UART_SetConfig
                0x08003ec8      0x11c ./Drivers/STM32F1xx_HAL_Driver/Src/stm32f1xx_hal_uart.o
 .text.__cvt    0x08003fe4       0xc8 C:/ST/STM32CubeIDE_1.16.1/STM32CubeIDE/plugins/com.st.stm32cube.ide.mcu.externaltools.gnu-tools-for-stm32.12.3.rel1.win32_1.0.200.202406191623/tools/bin/../lib/gcc/arm-none-eabi/12.3.1/../../../../arm-none-eabi/lib/thumb/v7-m/nofp\libc_nano.a(libc_a-nano-vfprintf_float.o)
                0x08003fe4                __cvt
 .text.__exponent
                0x080040ac       0x74 C:/ST/STM32CubeIDE_1.16.1/STM32CubeIDE/plugins/com.st.stm32cube.ide.mcu.externaltools.gnu-tools-for-stm32.12.3.rel1.win32_1.0.200.202406191623/tools/bin/../lib/gcc/arm-none-eabi/12.3.1/../../../../arm-none-eabi/lib/thumb/v7-m/nofp\libc_nano.a(libc_a-nano-vfprintf_float.o)
                0x080040ac                __exponent
 .text._printf_float
                0x08004120      0x458 C:/ST/STM32CubeIDE_1.16.1/STM32CubeIDE/plugins/com.st.stm32cube.ide.mcu.externaltools.gnu-tools-for-stm32.12.3.rel1.win32_1.0.200.202406191623/tools/bin/../lib/gcc/arm-none-eabi/12.3.1/../../../../arm-none-eabi/lib/thumb/v7-m/nofp\libc_nano.a(libc_a-nano-vfprintf_float.o)
                0x08004120                _printf_float
 .text._printf_common
                0x08004578       0xe4 C:/ST/STM32CubeIDE_1.16.1/STM32CubeIDE/plugins/com.st.stm32cube.ide.mcu.externaltools.gnu-tools-for-stm32.12.3.rel1.win32_1.0.200.202406191623/tools/bin/../lib/gcc/arm-none-eabi/12.3.1/../../../../arm-none-eabi/lib/thumb/v7-m/nofp\libc_nano.a(libc_a-nano-vfprintf_i.o)
                0x08004578                _printf_common
 .text._printf_i
                0x0800465c      0x240 C:/ST/STM32CubeIDE_1.16.1/STM32CubeIDE/plugins/com.st.stm32cube.ide.mcu.externaltools.gnu-tools-for-stm32.12.3.rel1.win32_1.0.200.202406191623/tools/bin/../lib/gcc/arm-none-eabi/12.3.1/../../../../arm-none-eabi/lib/thumb/v7-m/nofp\libc_nano.a(libc_a-nano-vfprintf_i.o)
                0x0800465c                _printf_i
 .text._scanf_float
                0x0800489c      0x420 C:/ST/STM32CubeIDE_1.16.1/STM32CubeIDE/plugins/com.st.stm32cube.ide.mcu.externaltools.gnu-tools-for-stm32.12.3.rel1.win32_1.0.200.202406191623/tools/bin/../lib/gcc/arm-none-eabi/12.3.1/../../../../arm-none-eabi/lib/thumb/v7-m/nofp\libc_nano.a(libc_a-nano-vfscanf_float.o)
                0x0800489c                _scanf_float
 .text.std      0x08004cbc       0x6c C:/ST/STM32CubeIDE_1.16.1/STM32CubeIDE/plugins/com.st.stm32cube.ide.mcu.externaltools.gnu-tools-for-stm32.12.3.rel1.win32_1.0.200.202406191623/tools/bin/../lib/gcc/arm-none-eabi/12.3.1/../../../../arm-none-eabi/lib/thumb/v7-m/nofp\libc_nano.a(libc_a-findfp.o)
 .text.stdio_exit_handler
                0x08004d28       0x18 C:/ST/STM32CubeIDE_1.16.1/STM32CubeIDE/plugins/com.st.stm32cube.ide.mcu.externaltools.gnu-tools-for-stm32.12.3.rel1.win32_1.0.200.202406191623/tools/bin/../lib/gcc/arm-none-eabi/12.3.1/../../../../arm-none-eabi/lib/thumb/v7-m/nofp\libc_nano.a(libc_a-findfp.o)
 .text.cleanup_stdio
                0x08004d40       0x40 C:/ST/STM32CubeIDE_1.16.1/STM32CubeIDE/plugins/com.st.stm32cube.ide.mcu.externaltools.gnu-tools-for-stm32.12.3.rel1.win32_1.0.200.202406191623/tools/bin/../lib/gcc/arm-none-eabi/12.3.1/../../../../arm-none-eabi/lib/thumb/v7-m/nofp\libc_nano.a(libc_a-findfp.o)
 .text.global_stdio_init.part.0
                0x08004d80       0x3c C:/ST/STM32CubeIDE_1.16.1/STM32CubeIDE/plugins/com.st.stm32cube.ide.mcu.externaltools.gnu-tools-for-stm32.12.3.rel1.win32_1.0.200.202406191623/tools/bin/../lib/gcc/arm-none-eabi/12.3.1/../../../../arm-none-eabi/lib/thumb/v7-m/nofp\libc_nano.a(libc_a-findfp.o)
 .text.__sfp_lock_acquire
                0x08004dbc        0xc C:/ST/STM32CubeIDE_1.16.1/STM32CubeIDE/plugins/com.st.stm32cube.ide.mcu.externaltools.gnu-tools-for-stm32.12.3.rel1.win32_1.0.200.202406191623/tools/bin/../lib/gcc/arm-none-eabi/12.3.1/../../../../arm-none-eabi/lib/thumb/v7-m/nofp\libc_nano.a(libc_a-findfp.o)
                0x08004dbc                __sfp_lock_acquire
 .text.__sfp_lock_release
                0x08004dc8        0xc C:/ST/STM32CubeIDE_1.16.1/STM32CubeIDE/plugins/com.st.stm32cube.ide.mcu.externaltools.gnu-tools-for-stm32.12.3.rel1.win32_1.0.200.202406191623/tools/bin/../lib/gcc/arm-none-eabi/12.3.1/../../../../arm-none-eabi/lib/thumb/v7-m/nofp\libc_nano.a(libc_a-findfp.o)
                0x08004dc8                __sfp_lock_release
 .text.__sinit  0x08004dd4       0x30 C:/ST/STM32CubeIDE_1.16.1/STM32CubeIDE/plugins/com.st.stm32cube.ide.mcu.externaltools.gnu-tools-for-stm32.12.3.rel1.win32_1.0.200.202406191623/tools/bin/../lib/gcc/arm-none-eabi/12.3.1/../../../../arm-none-eabi/lib/thumb/v7-m/nofp\libc_nano.a(libc_a-findfp.o)
                0x08004dd4                __sinit
 .text._fwalk_sglue
                0x08004e04       0x3c C:/ST/STM32CubeIDE_1.16.1/STM32CubeIDE/plugins/com.st.stm32cube.ide.mcu.externaltools.gnu-tools-for-stm32.12.3.rel1.win32_1.0.200.202406191623/tools/bin/../lib/gcc/arm-none-eabi/12.3.1/../../../../arm-none-eabi/lib/thumb/v7-m/nofp\libc_nano.a(libc_a-fwalk.o)
                0x08004e04                _fwalk_sglue
 .text.snprintf
                0x08004e40       0x68 C:/ST/STM32CubeIDE_1.16.1/STM32CubeIDE/plugins/com.st.stm32cube.ide.mcu.externaltools.gnu-tools-for-stm32.12.3.rel1.win32_1.0.200.202406191623/tools/bin/../lib/gcc/arm-none-eabi/12.3.1/../../../../arm-none-eabi/lib/thumb/v7-m/nofp\libc_nano.a(libc_a-snprintf.o)
                0x08004e40                sniprintf
                0x08004e40                snprintf
 .text.sprintf  0x08004ea8       0x40 C:/ST/STM32CubeIDE_1.16.1/STM32CubeIDE/plugins/com.st.stm32cube.ide.mcu.externaltools.gnu-tools-for-stm32.12.3.rel1.win32_1.0.200.202406191623/tools/bin/../lib/gcc/arm-none-eabi/12.3.1/../../../../arm-none-eabi/lib/thumb/v7-m/nofp\libc_nano.a(libc_a-sprintf.o)
                0x08004ea8                siprintf
                0x08004ea8                sprintf
 .text.__sread  0x08004ee8       0x22 C:/ST/STM32CubeIDE_1.16.1/STM32CubeIDE/plugins/com.st.stm32cube.ide.mcu.externaltools.gnu-tools-for-stm32.12.3.rel1.win32_1.0.200.202406191623/tools/bin/../lib/gcc/arm-none-eabi/12.3.1/../../../../arm-none-eabi/lib/thumb/v7-m/nofp\libc_nano.a(libc_a-stdio.o)
                0x08004ee8                __sread
 .text.__swrite
                0x08004f0a       0x38 C:/ST/STM32CubeIDE_1.16.1/STM32CubeIDE/plugins/com.st.stm32cube.ide.mcu.externaltools.gnu-tools-for-stm32.12.3.rel1.win32_1.0.200.202406191623/tools/bin/../lib/gcc/arm-none-eabi/12.3.1/../../../../arm-none-eabi/lib/thumb/v7-m/nofp\libc_nano.a(libc_a-stdio.o)
                0x08004f0a                __swrite
 .text.__sseek  0x08004f42       0x24 C:/ST/STM32CubeIDE_1.16.1/STM32CubeIDE/plugins/com.st.stm32cube.ide.mcu.externaltools.gnu-tools-for-stm32.12.3.rel1.win32_1.0.200.202406191623/tools/bin/../lib/gcc/arm-none-eabi/12.3.1/../../../../arm-none-eabi/lib/thumb/v7-m/nofp\libc_nano.a(libc_a-stdio.o)
                0x08004f42                __sseek
 .text.__sclose
                0x08004f66        0x8 C:/ST/STM32CubeIDE_1.16.1/STM32CubeIDE/plugins/com.st.stm32cube.ide.mcu.externaltools.gnu-tools-for-stm32.12.3.rel1.win32_1.0.200.202406191623/tools/bin/../lib/gcc/arm-none-eabi/12.3.1/../../../../arm-none-eabi/lib/thumb/v7-m/nofp\libc_nano.a(libc_a-stdio.o)
                0x08004f66                __sclose
 .text.memset   0x08004f6e       0x10 C:/ST/STM32CubeIDE_1.16.1/STM32CubeIDE/plugins/com.st.stm32cube.ide.mcu.externaltools.gnu-tools-for-stm32.12.3.rel1.win32_1.0.200.202406191623/tools/bin/../lib/gcc/arm-none-eabi/12.3.1/../../../../arm-none-eabi/lib/thumb/v7-m/nofp\libc_nano.a(libc_a-memset.o)
                0x08004f6e                memset
 *fill*         0x08004f7e        0x2 
 .text._localeconv_r
                0x08004f80        0x8 C:/ST/STM32CubeIDE_1.16.1/STM32CubeIDE/plugins/com.st.stm32cube.ide.mcu.externaltools.gnu-tools-for-stm32.12.3.rel1.win32_1.0.200.202406191623/tools/bin/../lib/gcc/arm-none-eabi/12.3.1/../../../../arm-none-eabi/lib/thumb/v7-m/nofp\libc_nano.a(libc_a-localeconv.o)
                0x08004f80                _localeconv_r
 .text._close_r
                0x08004f88       0x20 C:/ST/STM32CubeIDE_1.16.1/STM32CubeIDE/plugins/com.st.stm32cube.ide.mcu.externaltools.gnu-tools-for-stm32.12.3.rel1.win32_1.0.200.202406191623/tools/bin/../lib/gcc/arm-none-eabi/12.3.1/../../../../arm-none-eabi/lib/thumb/v7-m/nofp\libc_nano.a(libc_a-closer.o)
                0x08004f88                _close_r
 .text._lseek_r
                0x08004fa8       0x24 C:/ST/STM32CubeIDE_1.16.1/STM32CubeIDE/plugins/com.st.stm32cube.ide.mcu.externaltools.gnu-tools-for-stm32.12.3.rel1.win32_1.0.200.202406191623/tools/bin/../lib/gcc/arm-none-eabi/12.3.1/../../../../arm-none-eabi/lib/thumb/v7-m/nofp\libc_nano.a(libc_a-lseekr.o)
                0x08004fa8                _lseek_r
 .text._read_r  0x08004fcc       0x24 C:/ST/STM32CubeIDE_1.16.1/STM32CubeIDE/plugins/com.st.stm32cube.ide.mcu.externaltools.gnu-tools-for-stm32.12.3.rel1.win32_1.0.200.202406191623/tools/bin/../lib/gcc/arm-none-eabi/12.3.1/../../../../arm-none-eabi/lib/thumb/v7-m/nofp\libc_nano.a(libc_a-readr.o)
                0x08004fcc                _read_r
 .text._write_r
                0x08004ff0       0x24 C:/ST/STM32CubeIDE_1.16.1/STM32CubeIDE/plugins/com.st.stm32cube.ide.mcu.externaltools.gnu-tools-for-stm32.12.3.rel1.win32_1.0.200.202406191623/tools/bin/../lib/gcc/arm-none-eabi/12.3.1/../../../../arm-none-eabi/lib/thumb/v7-m/nofp\libc_nano.a(libc_a-writer.o)
                0x08004ff0                _write_r
 .text.__errno  0x08005014        0xc C:/ST/STM32CubeIDE_1.16.1/STM32CubeIDE/plugins/com.st.stm32cube.ide.mcu.externaltools.gnu-tools-for-stm32.12.3.rel1.win32_1.0.200.202406191623/tools/bin/../lib/gcc/arm-none-eabi/12.3.1/../../../../arm-none-eabi/lib/thumb/v7-m/nofp\libc_nano.a(libc_a-errno.o)
                0x08005014                __errno
 .text.__libc_init_array
                0x08005020       0x48 C:/ST/STM32CubeIDE_1.16.1/STM32CubeIDE/plugins/com.st.stm32cube.ide.mcu.externaltools.gnu-tools-for-stm32.12.3.rel1.win32_1.0.200.202406191623/tools/bin/../lib/gcc/arm-none-eabi/12.3.1/../../../../arm-none-eabi/lib/thumb/v7-m/nofp\libc_nano.a(libc_a-init.o)
                0x08005020                __libc_init_array
 .text.__retarget_lock_init_recursive
                0x08005068        0x2 C:/ST/STM32CubeIDE_1.16.1/STM32CubeIDE/plugins/com.st.stm32cube.ide.mcu.externaltools.gnu-tools-for-stm32.12.3.rel1.win32_1.0.200.202406191623/tools/bin/../lib/gcc/arm-none-eabi/12.3.1/../../../../arm-none-eabi/lib/thumb/v7-m/nofp\libc_nano.a(libc_a-lock.o)
                0x08005068                __retarget_lock_init_recursive
 .text.__retarget_lock_acquire_recursive
                0x0800506a        0x2 C:/ST/STM32CubeIDE_1.16.1/STM32CubeIDE/plugins/com.st.stm32cube.ide.mcu.externaltools.gnu-tools-for-stm32.12.3.rel1.win32_1.0.200.202406191623/tools/bin/../lib/gcc/arm-none-eabi/12.3.1/../../../../arm-none-eabi/lib/thumb/v7-m/nofp\libc_nano.a(libc_a-lock.o)
                0x0800506a                __retarget_lock_acquire_recursive
 .text.__retarget_lock_release_recursive
                0x0800506c        0x2 C:/ST/STM32CubeIDE_1.16.1/STM32CubeIDE/plugins/com.st.stm32cube.ide.mcu.externaltools.gnu-tools-for-stm32.12.3.rel1.win32_1.0.200.202406191623/tools/bin/../lib/gcc/arm-none-eabi/12.3.1/../../../../arm-none-eabi/lib/thumb/v7-m/nofp\libc_nano.a(libc_a-lock.o)
                0x0800506c                __retarget_lock_release_recursive
 .text.memchr   0x0800506e       0x1c C:/ST/STM32CubeIDE_1.16.1/STM32CubeIDE/plugins/com.st.stm32cube.ide.mcu.externaltools.gnu-tools-for-stm32.12.3.rel1.win32_1.0.200.202406191623/tools/bin/../lib/gcc/arm-none-eabi/12.3.1/../../../../arm-none-eabi/lib/thumb/v7-m/nofp\libc_nano.a(libc_a-memchr-stub.o)
                0x0800506e                memchr
 *fill*         0x0800508a        0x2 
 .text.nanf     0x0800508c        0x8 C:/ST/STM32CubeIDE_1.16.1/STM32CubeIDE/plugins/com.st.stm32cube.ide.mcu.externaltools.gnu-tools-for-stm32.12.3.rel1.win32_1.0.200.202406191623/tools/bin/../lib/gcc/arm-none-eabi/12.3.1/../../../../arm-none-eabi/lib/thumb/v7-m/nofp\libc_nano.a(libm_a-sf_nan.o)
                0x0800508c                nanf
 .text.quorem   0x08005094      0x110 C:/ST/STM32CubeIDE_1.16.1/STM32CubeIDE/plugins/com.st.stm32cube.ide.mcu.externaltools.gnu-tools-for-stm32.12.3.rel1.win32_1.0.200.202406191623/tools/bin/../lib/gcc/arm-none-eabi/12.3.1/../../../../arm-none-eabi/lib/thumb/v7-m/nofp\libc_nano.a(libc_a-dtoa.o)
 *fill*         0x080051a4        0x4 
 .text._dtoa_r  0x080051a8      0xb90 C:/ST/STM32CubeIDE_1.16.1/STM32CubeIDE/plugins/com.st.stm32cube.ide.mcu.externaltools.gnu-tools-for-stm32.12.3.rel1.win32_1.0.200.202406191623/tools/bin/../lib/gcc/arm-none-eabi/12.3.1/../../../../arm-none-eabi/lib/thumb/v7-m/nofp\libc_nano.a(libc_a-dtoa.o)
                0x080051a8                _dtoa_r
 .text._free_r  0x08005d38       0x90 C:/ST/STM32CubeIDE_1.16.1/STM32CubeIDE/plugins/com.st.stm32cube.ide.mcu.externaltools.gnu-tools-for-stm32.12.3.rel1.win32_1.0.200.202406191623/tools/bin/../lib/gcc/arm-none-eabi/12.3.1/../../../../arm-none-eabi/lib/thumb/v7-m/nofp\libc_nano.a(libc_a-freer.o)
                0x08005d38                _free_r
 .text.malloc   0x08005dc8       0x10 C:/ST/STM32CubeIDE_1.16.1/STM32CubeIDE/plugins/com.st.stm32cube.ide.mcu.externaltools.gnu-tools-for-stm32.12.3.rel1.win32_1.0.200.202406191623/tools/bin/../lib/gcc/arm-none-eabi/12.3.1/../../../../arm-none-eabi/lib/thumb/v7-m/nofp\libc_nano.a(libc_a-malloc.o)
                0x08005dc8                malloc
 .text.sbrk_aligned
                0x08005dd8       0x44 C:/ST/STM32CubeIDE_1.16.1/STM32CubeIDE/plugins/com.st.stm32cube.ide.mcu.externaltools.gnu-tools-for-stm32.12.3.rel1.win32_1.0.200.202406191623/tools/bin/../lib/gcc/arm-none-eabi/12.3.1/../../../../arm-none-eabi/lib/thumb/v7-m/nofp\libc_nano.a(libc_a-mallocr.o)
 .text._malloc_r
                0x08005e1c      0x100 C:/ST/STM32CubeIDE_1.16.1/STM32CubeIDE/plugins/com.st.stm32cube.ide.mcu.externaltools.gnu-tools-for-stm32.12.3.rel1.win32_1.0.200.202406191623/tools/bin/../lib/gcc/arm-none-eabi/12.3.1/../../../../arm-none-eabi/lib/thumb/v7-m/nofp\libc_nano.a(libc_a-mallocr.o)
                0x08005e1c                _malloc_r
 .text.__malloc_lock
                0x08005f1c        0xc C:/ST/STM32CubeIDE_1.16.1/STM32CubeIDE/plugins/com.st.stm32cube.ide.mcu.externaltools.gnu-tools-for-stm32.12.3.rel1.win32_1.0.200.202406191623/tools/bin/../lib/gcc/arm-none-eabi/12.3.1/../../../../arm-none-eabi/lib/thumb/v7-m/nofp\libc_nano.a(libc_a-mlock.o)
                0x08005f1c                __malloc_lock
 .text.__malloc_unlock
                0x08005f28        0xc C:/ST/STM32CubeIDE_1.16.1/STM32CubeIDE/plugins/com.st.stm32cube.ide.mcu.externaltools.gnu-tools-for-stm32.12.3.rel1.win32_1.0.200.202406191623/tools/bin/../lib/gcc/arm-none-eabi/12.3.1/../../../../arm-none-eabi/lib/thumb/v7-m/nofp\libc_nano.a(libc_a-mlock.o)
                0x08005f28                __malloc_unlock
 .text._Balloc  0x08005f34       0x80 C:/ST/STM32CubeIDE_1.16.1/STM32CubeIDE/plugins/com.st.stm32cube.ide.mcu.externaltools.gnu-tools-for-stm32.12.3.rel1.win32_1.0.200.202406191623/tools/bin/../lib/gcc/arm-none-eabi/12.3.1/../../../../arm-none-eabi/lib/thumb/v7-m/nofp\libc_nano.a(libc_a-mprec.o)
                0x08005f34                _Balloc
 .text._Bfree   0x08005fb4       0x44 C:/ST/STM32CubeIDE_1.16.1/STM32CubeIDE/plugins/com.st.stm32cube.ide.mcu.externaltools.gnu-tools-for-stm32.12.3.rel1.win32_1.0.200.202406191623/tools/bin/../lib/gcc/arm-none-eabi/12.3.1/../../../../arm-none-eabi/lib/thumb/v7-m/nofp\libc_nano.a(libc_a-mprec.o)
                0x08005fb4                _Bfree
 .text.__multadd
                0x08005ff8       0x8c C:/ST/STM32CubeIDE_1.16.1/STM32CubeIDE/plugins/com.st.stm32cube.ide.mcu.externaltools.gnu-tools-for-stm32.12.3.rel1.win32_1.0.200.202406191623/tools/bin/../lib/gcc/arm-none-eabi/12.3.1/../../../../arm-none-eabi/lib/thumb/v7-m/nofp\libc_nano.a(libc_a-mprec.o)
                0x08005ff8                __multadd
 .text.__s2b    0x08006084       0x94 C:/ST/STM32CubeIDE_1.16.1/STM32CubeIDE/plugins/com.st.stm32cube.ide.mcu.externaltools.gnu-tools-for-stm32.12.3.rel1.win32_1.0.200.202406191623/tools/bin/../lib/gcc/arm-none-eabi/12.3.1/../../../../arm-none-eabi/lib/thumb/v7-m/nofp\libc_nano.a(libc_a-mprec.o)
                0x08006084                __s2b
 .text.__hi0bits
                0x08006118       0x3e C:/ST/STM32CubeIDE_1.16.1/STM32CubeIDE/plugins/com.st.stm32cube.ide.mcu.externaltools.gnu-tools-for-stm32.12.3.rel1.win32_1.0.200.202406191623/tools/bin/../lib/gcc/arm-none-eabi/12.3.1/../../../../arm-none-eabi/lib/thumb/v7-m/nofp\libc_nano.a(libc_a-mprec.o)
                0x08006118                __hi0bits
 .text.__lo0bits
                0x08006156       0x5a C:/ST/STM32CubeIDE_1.16.1/STM32CubeIDE/plugins/com.st.stm32cube.ide.mcu.externaltools.gnu-tools-for-stm32.12.3.rel1.win32_1.0.200.202406191623/tools/bin/../lib/gcc/arm-none-eabi/12.3.1/../../../../arm-none-eabi/lib/thumb/v7-m/nofp\libc_nano.a(libc_a-mprec.o)
                0x08006156                __lo0bits
 .text.__i2b    0x080061b0       0x2c C:/ST/STM32CubeIDE_1.16.1/STM32CubeIDE/plugins/com.st.stm32cube.ide.mcu.externaltools.gnu-tools-for-stm32.12.3.rel1.win32_1.0.200.202406191623/tools/bin/../lib/gcc/arm-none-eabi/12.3.1/../../../../arm-none-eabi/lib/thumb/v7-m/nofp\libc_nano.a(libc_a-mprec.o)
                0x080061b0                __i2b
 .text.__multiply
                0x080061dc      0x150 C:/ST/STM32CubeIDE_1.16.1/STM32CubeIDE/plugins/com.st.stm32cube.ide.mcu.externaltools.gnu-tools-for-stm32.12.3.rel1.win32_1.0.200.202406191623/tools/bin/../lib/gcc/arm-none-eabi/12.3.1/../../../../arm-none-eabi/lib/thumb/v7-m/nofp\libc_nano.a(libc_a-mprec.o)
                0x080061dc                __multiply
 .text.__pow5mult
                0x0800632c       0xb4 C:/ST/STM32CubeIDE_1.16.1/STM32CubeIDE/plugins/com.st.stm32cube.ide.mcu.externaltools.gnu-tools-for-stm32.12.3.rel1.win32_1.0.200.202406191623/tools/bin/../lib/gcc/arm-none-eabi/12.3.1/../../../../arm-none-eabi/lib/thumb/v7-m/nofp\libc_nano.a(libc_a-mprec.o)
                0x0800632c                __pow5mult
 .text.__lshift
                0x080063e0       0xd8 C:/ST/STM32CubeIDE_1.16.1/STM32CubeIDE/plugins/com.st.stm32cube.ide.mcu.externaltools.gnu-tools-for-stm32.12.3.rel1.win32_1.0.200.202406191623/tools/bin/../lib/gcc/arm-none-eabi/12.3.1/../../../../arm-none-eabi/lib/thumb/v7-m/nofp\libc_nano.a(libc_a-mprec.o)
                0x080063e0                __lshift
 .text.__mcmp   0x080064b8       0x36 C:/ST/STM32CubeIDE_1.16.1/STM32CubeIDE/plugins/com.st.stm32cube.ide.mcu.externaltools.gnu-tools-for-stm32.12.3.rel1.win32_1.0.200.202406191623/tools/bin/../lib/gcc/arm-none-eabi/12.3.1/../../../../arm-none-eabi/lib/thumb/v7-m/nofp\libc_nano.a(libc_a-mprec.o)
                0x080064b8                __mcmp
 *fill*         0x080064ee        0x2 
 .text.__mdiff  0x080064f0      0x128 C:/ST/STM32CubeIDE_1.16.1/STM32CubeIDE/plugins/com.st.stm32cube.ide.mcu.externaltools.gnu-tools-for-stm32.12.3.rel1.win32_1.0.200.202406191623/tools/bin/../lib/gcc/arm-none-eabi/12.3.1/../../../../arm-none-eabi/lib/thumb/v7-m/nofp\libc_nano.a(libc_a-mprec.o)
                0x080064f0                __mdiff
 .text.__ulp    0x08006618       0x40 C:/ST/STM32CubeIDE_1.16.1/STM32CubeIDE/plugins/com.st.stm32cube.ide.mcu.externaltools.gnu-tools-for-stm32.12.3.rel1.win32_1.0.200.202406191623/tools/bin/../lib/gcc/arm-none-eabi/12.3.1/../../../../arm-none-eabi/lib/thumb/v7-m/nofp\libc_nano.a(libc_a-mprec.o)
                0x08006618                __ulp
 .text.__b2d    0x08006658       0x90 C:/ST/STM32CubeIDE_1.16.1/STM32CubeIDE/plugins/com.st.stm32cube.ide.mcu.externaltools.gnu-tools-for-stm32.12.3.rel1.win32_1.0.200.202406191623/tools/bin/../lib/gcc/arm-none-eabi/12.3.1/../../../../arm-none-eabi/lib/thumb/v7-m/nofp\libc_nano.a(libc_a-mprec.o)
                0x08006658                __b2d
 .text.__d2b    0x080066e8       0xb0 C:/ST/STM32CubeIDE_1.16.1/STM32CubeIDE/plugins/com.st.stm32cube.ide.mcu.externaltools.gnu-tools-for-stm32.12.3.rel1.win32_1.0.200.202406191623/tools/bin/../lib/gcc/arm-none-eabi/12.3.1/../../../../arm-none-eabi/lib/thumb/v7-m/nofp\libc_nano.a(libc_a-mprec.o)
                0x080066e8                __d2b
 .text.__ratio  0x08006798       0x60 C:/ST/STM32CubeIDE_1.16.1/STM32CubeIDE/plugins/com.st.stm32cube.ide.mcu.externaltools.gnu-tools-for-stm32.12.3.rel1.win32_1.0.200.202406191623/tools/bin/../lib/gcc/arm-none-eabi/12.3.1/../../../../arm-none-eabi/lib/thumb/v7-m/nofp\libc_nano.a(libc_a-mprec.o)
                0x08006798                __ratio
 .text.__copybits
                0x080067f8       0x46 C:/ST/STM32CubeIDE_1.16.1/STM32CubeIDE/plugins/com.st.stm32cube.ide.mcu.externaltools.gnu-tools-for-stm32.12.3.rel1.win32_1.0.200.202406191623/tools/bin/../lib/gcc/arm-none-eabi/12.3.1/../../../../arm-none-eabi/lib/thumb/v7-m/nofp\libc_nano.a(libc_a-mprec.o)
                0x080067f8                __copybits
 .text.__any_on
                0x0800683e       0x42 C:/ST/STM32CubeIDE_1.16.1/STM32CubeIDE/plugins/com.st.stm32cube.ide.mcu.externaltools.gnu-tools-for-stm32.12.3.rel1.win32_1.0.200.202406191623/tools/bin/../lib/gcc/arm-none-eabi/12.3.1/../../../../arm-none-eabi/lib/thumb/v7-m/nofp\libc_nano.a(libc_a-mprec.o)
                0x0800683e                __any_on
 .text.sulp     0x08006880       0x42 C:/ST/STM32CubeIDE_1.16.1/STM32CubeIDE/plugins/com.st.stm32cube.ide.mcu.externaltools.gnu-tools-for-stm32.12.3.rel1.win32_1.0.200.202406191623/tools/bin/../lib/gcc/arm-none-eabi/12.3.1/../../../../arm-none-eabi/lib/thumb/v7-m/nofp\libc_nano.a(libc_a-strtod.o)
 *fill*         0x080068c2        0x6 
 .text._strtod_l
                0x080068c8      0xbb0 C:/ST/STM32CubeIDE_1.16.1/STM32CubeIDE/plugins/com.st.stm32cube.ide.mcu.externaltools.gnu-tools-for-stm32.12.3.rel1.win32_1.0.200.202406191623/tools/bin/../lib/gcc/arm-none-eabi/12.3.1/../../../../arm-none-eabi/lib/thumb/v7-m/nofp\libc_nano.a(libc_a-strtod.o)
                0x080068c8                _strtod_l
 .text._strtod_r
                0x08007478        0xc C:/ST/STM32CubeIDE_1.16.1/STM32CubeIDE/plugins/com.st.stm32cube.ide.mcu.externaltools.gnu-tools-for-stm32.12.3.rel1.win32_1.0.200.202406191623/tools/bin/../lib/gcc/arm-none-eabi/12.3.1/../../../../arm-none-eabi/lib/thumb/v7-m/nofp\libc_nano.a(libc_a-strtod.o)
                0x08007478                _strtod_r
 .text._strtol_l.constprop.0
                0x08007484       0xf4 C:/ST/STM32CubeIDE_1.16.1/STM32CubeIDE/plugins/com.st.stm32cube.ide.mcu.externaltools.gnu-tools-for-stm32.12.3.rel1.win32_1.0.200.202406191623/tools/bin/../lib/gcc/arm-none-eabi/12.3.1/../../../../arm-none-eabi/lib/thumb/v7-m/nofp\libc_nano.a(libc_a-strtol.o)
 .text._strtol_r
                0x08007578        0x4 C:/ST/STM32CubeIDE_1.16.1/STM32CubeIDE/plugins/com.st.stm32cube.ide.mcu.externaltools.gnu-tools-for-stm32.12.3.rel1.win32_1.0.200.202406191623/tools/bin/../lib/gcc/arm-none-eabi/12.3.1/../../../../arm-none-eabi/lib/thumb/v7-m/nofp\libc_nano.a(libc_a-strtol.o)
                0x08007578                _strtol_r
 .text.__ssputs_r
                0x0800757c       0xb6 C:/ST/STM32CubeIDE_1.16.1/STM32CubeIDE/plugins/com.st.stm32cube.ide.mcu.externaltools.gnu-tools-for-stm32.12.3.rel1.win32_1.0.200.202406191623/tools/bin/../lib/gcc/arm-none-eabi/12.3.1/../../../../arm-none-eabi/lib/thumb/v7-m/nofp\libc_nano.a(libc_a-nano-svfprintf.o)
                0x0800757c                __ssputs_r
 *fill*         0x08007632        0x2 
 .text._svfprintf_r
                0x08007634      0x1f8 C:/ST/STM32CubeIDE_1.16.1/STM32CubeIDE/plugins/com.st.stm32cube.ide.mcu.externaltools.gnu-tools-for-stm32.12.3.rel1.win32_1.0.200.202406191623/tools/bin/../lib/gcc/arm-none-eabi/12.3.1/../../../../arm-none-eabi/lib/thumb/v7-m/nofp\libc_nano.a(libc_a-nano-svfprintf.o)
                0x08007634                _svfiprintf_r
                0x08007634                _svfprintf_r
 .text.__sflush_r
                0x0800782c      0x100 C:/ST/STM32CubeIDE_1.16.1/STM32CubeIDE/plugins/com.st.stm32cube.ide.mcu.externaltools.gnu-tools-for-stm32.12.3.rel1.win32_1.0.200.202406191623/tools/bin/../lib/gcc/arm-none-eabi/12.3.1/../../../../arm-none-eabi/lib/thumb/v7-m/nofp\libc_nano.a(libc_a-fflush.o)
                0x0800782c                __sflush_r
 .text._fflush_r
                0x0800792c       0x50 C:/ST/STM32CubeIDE_1.16.1/STM32CubeIDE/plugins/com.st.stm32cube.ide.mcu.externaltools.gnu-tools-for-stm32.12.3.rel1.win32_1.0.200.202406191623/tools/bin/../lib/gcc/arm-none-eabi/12.3.1/../../../../arm-none-eabi/lib/thumb/v7-m/nofp\libc_nano.a(libc_a-fflush.o)
                0x0800792c                _fflush_r
 .text.memmove  0x0800797c       0x34 C:/ST/STM32CubeIDE_1.16.1/STM32CubeIDE/plugins/com.st.stm32cube.ide.mcu.externaltools.gnu-tools-for-stm32.12.3.rel1.win32_1.0.200.202406191623/tools/bin/../lib/gcc/arm-none-eabi/12.3.1/../../../../arm-none-eabi/lib/thumb/v7-m/nofp\libc_nano.a(libc_a-memmove.o)
                0x0800797c                memmove
 .text.strncmp  0x080079b0       0x24 C:/ST/STM32CubeIDE_1.16.1/STM32CubeIDE/plugins/com.st.stm32cube.ide.mcu.externaltools.gnu-tools-for-stm32.12.3.rel1.win32_1.0.200.202406191623/tools/bin/../lib/gcc/arm-none-eabi/12.3.1/../../../../arm-none-eabi/lib/thumb/v7-m/nofp\libc_nano.a(libc_a-strncmp.o)
                0x080079b0                strncmp
 .text._sbrk_r  0x080079d4       0x20 C:/ST/STM32CubeIDE_1.16.1/STM32CubeIDE/plugins/com.st.stm32cube.ide.mcu.externaltools.gnu-tools-for-stm32.12.3.rel1.win32_1.0.200.202406191623/tools/bin/../lib/gcc/arm-none-eabi/12.3.1/../../../../arm-none-eabi/lib/thumb/v7-m/nofp\libc_nano.a(libc_a-sbrkr.o)
                0x080079d4                _sbrk_r
 .text.memcpy   0x080079f4       0x1c C:/ST/STM32CubeIDE_1.16.1/STM32CubeIDE/plugins/com.st.stm32cube.ide.mcu.externaltools.gnu-tools-for-stm32.12.3.rel1.win32_1.0.200.202406191623/tools/bin/../lib/gcc/arm-none-eabi/12.3.1/../../../../arm-none-eabi/lib/thumb/v7-m/nofp\libc_nano.a(libc_a-memcpy-stub.o)
                0x080079f4                memcpy
 .text.nan      0x08007a10        0xc C:/ST/STM32CubeIDE_1.16.1/STM32CubeIDE/plugins/com.st.stm32cube.ide.mcu.externaltools.gnu-tools-for-stm32.12.3.rel1.win32_1.0.200.202406191623/tools/bin/../lib/gcc/arm-none-eabi/12.3.1/../../../../arm-none-eabi/lib/thumb/v7-m/nofp\libc_nano.a(libm_a-s_nan.o)
                0x08007a10                nan
 .text.__assert_func
                0x08007a1c       0x3c C:/ST/STM32CubeIDE_1.16.1/STM32CubeIDE/plugins/com.st.stm32cube.ide.mcu.externaltools.gnu-tools-for-stm32.12.3.rel1.win32_1.0.200.202406191623/tools/bin/../lib/gcc/arm-none-eabi/12.3.1/../../../../arm-none-eabi/lib/thumb/v7-m/nofp\libc_nano.a(libc_a-assert.o)
                0x08007a1c                __assert_func
 .text._calloc_r
                0x08007a58       0x28 C:/ST/STM32CubeIDE_1.16.1/STM32CubeIDE/plugins/com.st.stm32cube.ide.mcu.externaltools.gnu-tools-for-stm32.12.3.rel1.win32_1.0.200.202406191623/tools/bin/../lib/gcc/arm-none-eabi/12.3.1/../../../../arm-none-eabi/lib/thumb/v7-m/nofp\libc_nano.a(libc_a-callocr.o)
                0x08007a58                _calloc_r
 .text.rshift   0x08007a80       0xa6 C:/ST/STM32CubeIDE_1.16.1/STM32CubeIDE/plugins/com.st.stm32cube.ide.mcu.externaltools.gnu-tools-for-stm32.12.3.rel1.win32_1.0.200.202406191623/tools/bin/../lib/gcc/arm-none-eabi/12.3.1/../../../../arm-none-eabi/lib/thumb/v7-m/nofp\libc_nano.a(libc_a-gdtoa-gethex.o)
 .text.__hexdig_fun
                0x08007b26       0x2a C:/ST/STM32CubeIDE_1.16.1/STM32CubeIDE/plugins/com.st.stm32cube.ide.mcu.externaltools.gnu-tools-for-stm32.12.3.rel1.win32_1.0.200.202406191623/tools/bin/../lib/gcc/arm-none-eabi/12.3.1/../../../../arm-none-eabi/lib/thumb/v7-m/nofp\libc_nano.a(libc_a-gdtoa-gethex.o)
                0x08007b26                __hexdig_fun
 .text.__gethex
                0x08007b50      0x420 C:/ST/STM32CubeIDE_1.16.1/STM32CubeIDE/plugins/com.st.stm32cube.ide.mcu.externaltools.gnu-tools-for-stm32.12.3.rel1.win32_1.0.200.202406191623/tools/bin/../lib/gcc/arm-none-eabi/12.3.1/../../../../arm-none-eabi/lib/thumb/v7-m/nofp\libc_nano.a(libc_a-gdtoa-gethex.o)
                0x08007b50                __gethex
 .text.L_shift  0x08007f70       0x24 C:/ST/STM32CubeIDE_1.16.1/STM32CubeIDE/plugins/com.st.stm32cube.ide.mcu.externaltools.gnu-tools-for-stm32.12.3.rel1.win32_1.0.200.202406191623/tools/bin/../lib/gcc/arm-none-eabi/12.3.1/../../../../arm-none-eabi/lib/thumb/v7-m/nofp\libc_nano.a(libc_a-gdtoa-hexnan.o)
 .text.__match  0x08007f94       0x28 C:/ST/STM32CubeIDE_1.16.1/STM32CubeIDE/plugins/com.st.stm32cube.ide.mcu.externaltools.gnu-tools-for-stm32.12.3.rel1.win32_1.0.200.202406191623/tools/bin/../lib/gcc/arm-none-eabi/12.3.1/../../../../arm-none-eabi/lib/thumb/v7-m/nofp\libc_nano.a(libc_a-gdtoa-hexnan.o)
                0x08007f94                __match
 .text.__hexnan
                0x08007fbc      0x136 C:/ST/STM32CubeIDE_1.16.1/STM32CubeIDE/plugins/com.st.stm32cube.ide.mcu.externaltools.gnu-tools-for-stm32.12.3.rel1.win32_1.0.200.202406191623/tools/bin/../lib/gcc/arm-none-eabi/12.3.1/../../../../arm-none-eabi/lib/thumb/v7-m/nofp\libc_nano.a(libc_a-gdtoa-hexnan.o)
                0x08007fbc                __hexnan
 .text.__ascii_mbtowc
                0x080080f2       0x24 C:/ST/STM32CubeIDE_1.16.1/STM32CubeIDE/plugins/com.st.stm32cube.ide.mcu.externaltools.gnu-tools-for-stm32.12.3.rel1.win32_1.0.200.202406191623/tools/bin/../lib/gcc/arm-none-eabi/12.3.1/../../../../arm-none-eabi/lib/thumb/v7-m/nofp\libc_nano.a(libc_a-mbtowc_r.o)
                0x080080f2                __ascii_mbtowc
 .text._realloc_r
                0x08008116       0x5c C:/ST/STM32CubeIDE_1.16.1/STM32CubeIDE/plugins/com.st.stm32cube.ide.mcu.externaltools.gnu-tools-for-stm32.12.3.rel1.win32_1.0.200.202406191623/tools/bin/../lib/gcc/arm-none-eabi/12.3.1/../../../../arm-none-eabi/lib/thumb/v7-m/nofp\libc_nano.a(libc_a-reallocr.o)
                0x08008116                _realloc_r
 .text.__ascii_wctomb
                0x08008172       0x1a C:/ST/STM32CubeIDE_1.16.1/STM32CubeIDE/plugins/com.st.stm32cube.ide.mcu.externaltools.gnu-tools-for-stm32.12.3.rel1.win32_1.0.200.202406191623/tools/bin/../lib/gcc/arm-none-eabi/12.3.1/../../../../arm-none-eabi/lib/thumb/v7-m/nofp\libc_nano.a(libc_a-wctomb_r.o)
                0x08008172                __ascii_wctomb
 .text.fprintf  0x0800818c       0x24 C:/ST/STM32CubeIDE_1.16.1/STM32CubeIDE/plugins/com.st.stm32cube.ide.mcu.externaltools.gnu-tools-for-stm32.12.3.rel1.win32_1.0.200.202406191623/tools/bin/../lib/gcc/arm-none-eabi/12.3.1/../../../../arm-none-eabi/lib/thumb/v7-m/nofp\libc_nano.a(libc_a-fprintf.o)
                0x0800818c                fiprintf
                0x0800818c                fprintf
 .text.abort    0x080081b0        0xe C:/ST/STM32CubeIDE_1.16.1/STM32CubeIDE/plugins/com.st.stm32cube.ide.mcu.externaltools.gnu-tools-for-stm32.12.3.rel1.win32_1.0.200.202406191623/tools/bin/../lib/gcc/arm-none-eabi/12.3.1/../../../../arm-none-eabi/lib/thumb/v7-m/nofp\libc_nano.a(libc_a-abort.o)
                0x080081b0                abort
 .text._malloc_usable_size_r
                0x080081be       0x10 C:/ST/STM32CubeIDE_1.16.1/STM32CubeIDE/plugins/com.st.stm32cube.ide.mcu.externaltools.gnu-tools-for-stm32.12.3.rel1.win32_1.0.200.202406191623/tools/bin/../lib/gcc/arm-none-eabi/12.3.1/../../../../arm-none-eabi/lib/thumb/v7-m/nofp\libc_nano.a(libc_a-msizer.o)
                0x080081be                _malloc_usable_size_r
 .text.__sfputc_r
                0x080081ce       0x2a C:/ST/STM32CubeIDE_1.16.1/STM32CubeIDE/plugins/com.st.stm32cube.ide.mcu.externaltools.gnu-tools-for-stm32.12.3.rel1.win32_1.0.200.202406191623/tools/bin/../lib/gcc/arm-none-eabi/12.3.1/../../../../arm-none-eabi/lib/thumb/v7-m/nofp\libc_nano.a(libc_a-nano-vfprintf.o)
 .text.__sfputs_r
                0x080081f8       0x24 C:/ST/STM32CubeIDE_1.16.1/STM32CubeIDE/plugins/com.st.stm32cube.ide.mcu.externaltools.gnu-tools-for-stm32.12.3.rel1.win32_1.0.200.202406191623/tools/bin/../lib/gcc/arm-none-eabi/12.3.1/../../../../arm-none-eabi/lib/thumb/v7-m/nofp\libc_nano.a(libc_a-nano-vfprintf.o)
                0x080081f8                __sfputs_r
 .text._vfprintf_r
                0x0800821c      0x230 C:/ST/STM32CubeIDE_1.16.1/STM32CubeIDE/plugins/com.st.stm32cube.ide.mcu.externaltools.gnu-tools-for-stm32.12.3.rel1.win32_1.0.200.202406191623/tools/bin/../lib/gcc/arm-none-eabi/12.3.1/../../../../arm-none-eabi/lib/thumb/v7-m/nofp\libc_nano.a(libc_a-nano-vfprintf.o)
                0x0800821c                _vfprintf_r
                0x0800821c                _vfiprintf_r
 .text.__swbuf_r
                0x0800844c       0x7c C:/ST/STM32CubeIDE_1.16.1/STM32CubeIDE/plugins/com.st.stm32cube.ide.mcu.externaltools.gnu-tools-for-stm32.12.3.rel1.win32_1.0.200.202406191623/tools/bin/../lib/gcc/arm-none-eabi/12.3.1/../../../../arm-none-eabi/lib/thumb/v7-m/nofp\libc_nano.a(libc_a-wbuf.o)
                0x0800844c                __swbuf_r
 .text.__swsetup_r
                0x080084c8       0xac C:/ST/STM32CubeIDE_1.16.1/STM32CubeIDE/plugins/com.st.stm32cube.ide.mcu.externaltools.gnu-tools-for-stm32.12.3.rel1.win32_1.0.200.202406191623/tools/bin/../lib/gcc/arm-none-eabi/12.3.1/../../../../arm-none-eabi/lib/thumb/v7-m/nofp\libc_nano.a(libc_a-wsetup.o)
                0x080084c8                __swsetup_r
 .text._raise_r
                0x08008574       0x50 C:/ST/STM32CubeIDE_1.16.1/STM32CubeIDE/plugins/com.st.stm32cube.ide.mcu.externaltools.gnu-tools-for-stm32.12.3.rel1.win32_1.0.200.202406191623/tools/bin/../lib/gcc/arm-none-eabi/12.3.1/../../../../arm-none-eabi/lib/thumb/v7-m/nofp\libc_nano.a(libc_a-signal.o)
                0x08008574                _raise_r
 .text.raise    0x080085c4       0x10 C:/ST/STM32CubeIDE_1.16.1/STM32CubeIDE/plugins/com.st.stm32cube.ide.mcu.externaltools.gnu-tools-for-stm32.12.3.rel1.win32_1.0.200.202406191623/tools/bin/../lib/gcc/arm-none-eabi/12.3.1/../../../../arm-none-eabi/lib/thumb/v7-m/nofp\libc_nano.a(libc_a-signal.o)
                0x080085c4                raise
 .text._kill_r  0x080085d4       0x24 C:/ST/STM32CubeIDE_1.16.1/STM32CubeIDE/plugins/com.st.stm32cube.ide.mcu.externaltools.gnu-tools-for-stm32.12.3.rel1.win32_1.0.200.202406191623/tools/bin/../lib/gcc/arm-none-eabi/12.3.1/../../../../arm-none-eabi/lib/thumb/v7-m/nofp\libc_nano.a(libc_a-signalr.o)
                0x080085d4                _kill_r
 .text._getpid_r
                0x080085f8        0x4 C:/ST/STM32CubeIDE_1.16.1/STM32CubeIDE/plugins/com.st.stm32cube.ide.mcu.externaltools.gnu-tools-for-stm32.12.3.rel1.win32_1.0.200.202406191623/tools/bin/../lib/gcc/arm-none-eabi/12.3.1/../../../../arm-none-eabi/lib/thumb/v7-m/nofp\libc_nano.a(libc_a-signalr.o)
                0x080085f8                _getpid_r
 .text.__swhatbuf_r
                0x080085fc       0x4a C:/ST/STM32CubeIDE_1.16.1/STM32CubeIDE/plugins/com.st.stm32cube.ide.mcu.externaltools.gnu-tools-for-stm32.12.3.rel1.win32_1.0.200.202406191623/tools/bin/../lib/gcc/arm-none-eabi/12.3.1/../../../../arm-none-eabi/lib/thumb/v7-m/nofp\libc_nano.a(libc_a-makebuf.o)
                0x080085fc                __swhatbuf_r
 .text.__smakebuf_r
                0x08008646       0x78 C:/ST/STM32CubeIDE_1.16.1/STM32CubeIDE/plugins/com.st.stm32cube.ide.mcu.externaltools.gnu-tools-for-stm32.12.3.rel1.win32_1.0.200.202406191623/tools/bin/../lib/gcc/arm-none-eabi/12.3.1/../../../../arm-none-eabi/lib/thumb/v7-m/nofp\libc_nano.a(libc_a-makebuf.o)
                0x08008646                __smakebuf_r
 *fill*         0x080086be        0x2 
 .text._fstat_r
                0x080086c0       0x24 C:/ST/STM32CubeIDE_1.16.1/STM32CubeIDE/plugins/com.st.stm32cube.ide.mcu.externaltools.gnu-tools-for-stm32.12.3.rel1.win32_1.0.200.202406191623/tools/bin/../lib/gcc/arm-none-eabi/12.3.1/../../../../arm-none-eabi/lib/thumb/v7-m/nofp\libc_nano.a(libc_a-fstatr.o)
                0x080086c0                _fstat_r
 .text._isatty_r
                0x080086e4       0x20 C:/ST/STM32CubeIDE_1.16.1/STM32CubeIDE/plugins/com.st.stm32cube.ide.mcu.externaltools.gnu-tools-for-stm32.12.3.rel1.win32_1.0.200.202406191623/tools/bin/../lib/gcc/arm-none-eabi/12.3.1/../../../../arm-none-eabi/lib/thumb/v7-m/nofp\libc_nano.a(libc_a-isattyr.o)
                0x080086e4                _isatty_r
 *(.glue_7)
 .glue_7        0x08008704        0x0 linker stubs
 *(.glue_7t)
 .glue_7t       0x08008704        0x0 linker stubs
 *(.eh_frame)
 .eh_frame      0x08008704        0x0 C:/ST/STM32CubeIDE_1.16.1/STM32CubeIDE/plugins/com.st.stm32cube.ide.mcu.externaltools.gnu-tools-for-stm32.12.3.rel1.win32_1.0.200.202406191623/tools/bin/../lib/gcc/arm-none-eabi/12.3.1/thumb/v7-m/nofp/crtbegin.o
 *(.init)
 .init          0x08008704        0x4 C:/ST/STM32CubeIDE_1.16.1/STM32CubeIDE/plugins/com.st.stm32cube.ide.mcu.externaltools.gnu-tools-for-stm32.12.3.rel1.win32_1.0.200.202406191623/tools/bin/../lib/gcc/arm-none-eabi/12.3.1/thumb/v7-m/nofp/crti.o
                0x08008704                _init
 .init          0x08008708        0x8 C:/ST/STM32CubeIDE_1.16.1/STM32CubeIDE/plugins/com.st.stm32cube.ide.mcu.externaltools.gnu-tools-for-stm32.12.3.rel1.win32_1.0.200.202406191623/tools/bin/../lib/gcc/arm-none-eabi/12.3.1/thumb/v7-m/nofp/crtn.o
 *(.fini)
 .fini          0x08008710        0x4 C:/ST/STM32CubeIDE_1.16.1/STM32CubeIDE/plugins/com.st.stm32cube.ide.mcu.externaltools.gnu-tools-for-stm32.12.3.rel1.win32_1.0.200.202406191623/tools/bin/../lib/gcc/arm-none-eabi/12.3.1/thumb/v7-m/nofp/crti.o
                0x08008710                _fini
 .fini          0x08008714        0x8 C:/ST/STM32CubeIDE_1.16.1/STM32CubeIDE/plugins/com.st.stm32cube.ide.mcu.externaltools.gnu-tools-for-stm32.12.3.rel1.win32_1.0.200.202406191623/tools/bin/../lib/gcc/arm-none-eabi/12.3.1/thumb/v7-m/nofp/crtn.o
                0x0800871c                        . = ALIGN (0x4)
                0x0800871c                        _etext = .

.vfp11_veneer   0x0800871c        0x0
 .vfp11_veneer  0x0800871c        0x0 linker stubs

.v4_bx          0x0800871c        0x0
 .v4_bx         0x0800871c        0x0 linker stubs

.iplt           0x0800871c        0x0
 .iplt          0x0800871c        0x0 C:/ST/STM32CubeIDE_1.16.1/STM32CubeIDE/plugins/com.st.stm32cube.ide.mcu.externaltools.gnu-tools-for-stm32.12.3.rel1.win32_1.0.200.202406191623/tools/bin/../lib/gcc/arm-none-eabi/12.3.1/thumb/v7-m/nofp/crtbegin.o

.rodata         0x08008720      0x490
                0x08008720                        . = ALIGN (0x4)
 *(.rodata)
 .rodata        0x08008720       0x37 ./Core/Src/main.o
 *(.rodata*)
 *fill*         0x08008757        0x1 
 .rodata.AHBPrescTable
                0x08008758       0x10 ./Core/Src/system_stm32f1xx.o
                0x08008758                AHBPrescTable
 .rodata.APBPrescTable
                0x08008768        0x8 ./Core/Src/system_stm32f1xx.o
                0x08008768                APBPrescTable
 .rodata.aPLLMULFactorTable.1
                0x08008770       0x10 ./Drivers/STM32F1xx_HAL_Driver/Src/stm32f1xx_hal_rcc.o
 .rodata.aPredivFactorTable.0
                0x08008780        0x2 ./Drivers/STM32F1xx_HAL_Driver/Src/stm32f1xx_hal_rcc.o
 .rodata._printf_float.str1.1
                0x08008782       0x12 C:/ST/STM32CubeIDE_1.16.1/STM32CubeIDE/plugins/com.st.stm32cube.ide.mcu.externaltools.gnu-tools-for-stm32.12.3.rel1.win32_1.0.200.202406191623/tools/bin/../lib/gcc/arm-none-eabi/12.3.1/../../../../arm-none-eabi/lib/thumb/v7-m/nofp\libc_nano.a(libc_a-nano-vfprintf_float.o)
 .rodata._printf_i.str1.1
                0x08008794       0x22 C:/ST/STM32CubeIDE_1.16.1/STM32CubeIDE/plugins/com.st.stm32cube.ide.mcu.externaltools.gnu-tools-for-stm32.12.3.rel1.win32_1.0.200.202406191623/tools/bin/../lib/gcc/arm-none-eabi/12.3.1/../../../../arm-none-eabi/lib/thumb/v7-m/nofp\libc_nano.a(libc_a-nano-vfprintf_i.o)
 .rodata._scanf_float.str1.1
                0x080087b6        0x5 C:/ST/STM32CubeIDE_1.16.1/STM32CubeIDE/plugins/com.st.stm32cube.ide.mcu.externaltools.gnu-tools-for-stm32.12.3.rel1.win32_1.0.200.202406191623/tools/bin/../lib/gcc/arm-none-eabi/12.3.1/../../../../arm-none-eabi/lib/thumb/v7-m/nofp\libc_nano.a(libc_a-nano-vfscanf_float.o)
                                  0x6 (size before relaxing)
 .rodata._dtoa_r.str1.1
                0x080087bb       0x8d C:/ST/STM32CubeIDE_1.16.1/STM32CubeIDE/plugins/com.st.stm32cube.ide.mcu.externaltools.gnu-tools-for-stm32.12.3.rel1.win32_1.0.200.202406191623/tools/bin/../lib/gcc/arm-none-eabi/12.3.1/../../../../arm-none-eabi/lib/thumb/v7-m/nofp\libc_nano.a(libc_a-dtoa.o)
                                 0x8f (size before relaxing)
 .rodata._Balloc.str1.1
                0x08008848       0x59 C:/ST/STM32CubeIDE_1.16.1/STM32CubeIDE/plugins/com.st.stm32cube.ide.mcu.externaltools.gnu-tools-for-stm32.12.3.rel1.win32_1.0.200.202406191623/tools/bin/../lib/gcc/arm-none-eabi/12.3.1/../../../../arm-none-eabi/lib/thumb/v7-m/nofp\libc_nano.a(libc_a-mprec.o)
                                 0x70 (size before relaxing)
 .rodata.__multadd.str1.1
                0x080088a1       0x11 C:/ST/STM32CubeIDE_1.16.1/STM32CubeIDE/plugins/com.st.stm32cube.ide.mcu.externaltools.gnu-tools-for-stm32.12.3.rel1.win32_1.0.200.202406191623/tools/bin/../lib/gcc/arm-none-eabi/12.3.1/../../../../arm-none-eabi/lib/thumb/v7-m/nofp\libc_nano.a(libc_a-mprec.o)
 *fill*         0x080088a1        0x3 
 .rodata.p05.0  0x080088a4        0xc C:/ST/STM32CubeIDE_1.16.1/STM32CubeIDE/plugins/com.st.stm32cube.ide.mcu.externaltools.gnu-tools-for-stm32.12.3.rel1.win32_1.0.200.202406191623/tools/bin/../lib/gcc/arm-none-eabi/12.3.1/../../../../arm-none-eabi/lib/thumb/v7-m/nofp\libc_nano.a(libc_a-mprec.o)
 .rodata.__mprec_bigtens
                0x080088b0       0x28 C:/ST/STM32CubeIDE_1.16.1/STM32CubeIDE/plugins/com.st.stm32cube.ide.mcu.externaltools.gnu-tools-for-stm32.12.3.rel1.win32_1.0.200.202406191623/tools/bin/../lib/gcc/arm-none-eabi/12.3.1/../../../../arm-none-eabi/lib/thumb/v7-m/nofp\libc_nano.a(libc_a-mprec.o)
                0x080088b0                __mprec_bigtens
 .rodata.__mprec_tens
                0x080088d8       0xc8 C:/ST/STM32CubeIDE_1.16.1/STM32CubeIDE/plugins/com.st.stm32cube.ide.mcu.externaltools.gnu-tools-for-stm32.12.3.rel1.win32_1.0.200.202406191623/tools/bin/../lib/gcc/arm-none-eabi/12.3.1/../../../../arm-none-eabi/lib/thumb/v7-m/nofp\libc_nano.a(libc_a-mprec.o)
                0x080088d8                __mprec_tens
 .rodata._strtod_l.str1.1
                0x080089a0        0x2 C:/ST/STM32CubeIDE_1.16.1/STM32CubeIDE/plugins/com.st.stm32cube.ide.mcu.externaltools.gnu-tools-for-stm32.12.3.rel1.win32_1.0.200.202406191623/tools/bin/../lib/gcc/arm-none-eabi/12.3.1/../../../../arm-none-eabi/lib/thumb/v7-m/nofp\libc_nano.a(libc_a-strtod.o)
                                  0xf (size before relaxing)
 *fill*         0x080089a2        0x2 
 .rodata.fpinan.0
                0x080089a4       0x14 C:/ST/STM32CubeIDE_1.16.1/STM32CubeIDE/plugins/com.st.stm32cube.ide.mcu.externaltools.gnu-tools-for-stm32.12.3.rel1.win32_1.0.200.202406191623/tools/bin/../lib/gcc/arm-none-eabi/12.3.1/../../../../arm-none-eabi/lib/thumb/v7-m/nofp\libc_nano.a(libc_a-strtod.o)
 .rodata.fpi.1  0x080089b8       0x14 C:/ST/STM32CubeIDE_1.16.1/STM32CubeIDE/plugins/com.st.stm32cube.ide.mcu.externaltools.gnu-tools-for-stm32.12.3.rel1.win32_1.0.200.202406191623/tools/bin/../lib/gcc/arm-none-eabi/12.3.1/../../../../arm-none-eabi/lib/thumb/v7-m/nofp\libc_nano.a(libc_a-strtod.o)
 *fill*         0x080089cc        0x4 
 .rodata.tinytens
                0x080089d0       0x28 C:/ST/STM32CubeIDE_1.16.1/STM32CubeIDE/plugins/com.st.stm32cube.ide.mcu.externaltools.gnu-tools-for-stm32.12.3.rel1.win32_1.0.200.202406191623/tools/bin/../lib/gcc/arm-none-eabi/12.3.1/../../../../arm-none-eabi/lib/thumb/v7-m/nofp\libc_nano.a(libc_a-strtod.o)
 .rodata._ctype_
                0x080089f8      0x101 C:/ST/STM32CubeIDE_1.16.1/STM32CubeIDE/plugins/com.st.stm32cube.ide.mcu.externaltools.gnu-tools-for-stm32.12.3.rel1.win32_1.0.200.202406191623/tools/bin/../lib/gcc/arm-none-eabi/12.3.1/../../../../arm-none-eabi/lib/thumb/v7-m/nofp\libc_nano.a(libc_a-ctype_.o)
                0x080089f8                _ctype_
 .rodata._svfprintf_r.str1.1
                0x08008af9       0x11 C:/ST/STM32CubeIDE_1.16.1/STM32CubeIDE/plugins/com.st.stm32cube.ide.mcu.externaltools.gnu-tools-for-stm32.12.3.rel1.win32_1.0.200.202406191623/tools/bin/../lib/gcc/arm-none-eabi/12.3.1/../../../../arm-none-eabi/lib/thumb/v7-m/nofp\libc_nano.a(libc_a-nano-svfprintf.o)
 .rodata._setlocale_r.str1.1
                0x08008b0a        0x8 C:/ST/STM32CubeIDE_1.16.1/STM32CubeIDE/plugins/com.st.stm32cube.ide.mcu.externaltools.gnu-tools-for-stm32.12.3.rel1.win32_1.0.200.202406191623/tools/bin/../lib/gcc/arm-none-eabi/12.3.1/../../../../arm-none-eabi/lib/thumb/v7-m/nofp\libc_nano.a(libc_a-locale.o)
                                  0x9 (size before relaxing)
 .rodata.str1.1
                0x08008b12        0x2 C:/ST/STM32CubeIDE_1.16.1/STM32CubeIDE/plugins/com.st.stm32cube.ide.mcu.externaltools.gnu-tools-for-stm32.12.3.rel1.win32_1.0.200.202406191623/tools/bin/../lib/gcc/arm-none-eabi/12.3.1/../../../../arm-none-eabi/lib/thumb/v7-m/nofp\libc_nano.a(libc_a-locale.o)
 .rodata.__assert_func.str1.1
                0x08008b12       0x3c C:/ST/STM32CubeIDE_1.16.1/STM32CubeIDE/plugins/com.st.stm32cube.ide.mcu.externaltools.gnu-tools-for-stm32.12.3.rel1.win32_1.0.200.202406191623/tools/bin/../lib/gcc/arm-none-eabi/12.3.1/../../../../arm-none-eabi/lib/thumb/v7-m/nofp\libc_nano.a(libc_a-assert.o)
                                 0x3d (size before relaxing)
 .rodata.__gethex.str1.1
                0x08008b4e       0x60 C:/ST/STM32CubeIDE_1.16.1/STM32CubeIDE/plugins/com.st.stm32cube.ide.mcu.externaltools.gnu-tools-for-stm32.12.3.rel1.win32_1.0.200.202406191623/tools/bin/../lib/gcc/arm-none-eabi/12.3.1/../../../../arm-none-eabi/lib/thumb/v7-m/nofp\libc_nano.a(libc_a-gdtoa-gethex.o)
                                 0x73 (size before relaxing)
 .rodata._vfprintf_r.str1.1
                0x08008bae       0x11 C:/ST/STM32CubeIDE_1.16.1/STM32CubeIDE/plugins/com.st.stm32cube.ide.mcu.externaltools.gnu-tools-for-stm32.12.3.rel1.win32_1.0.200.202406191623/tools/bin/../lib/gcc/arm-none-eabi/12.3.1/../../../../arm-none-eabi/lib/thumb/v7-m/nofp\libc_nano.a(libc_a-nano-vfprintf.o)
                0x08008bc0                        . = ALIGN (0x4)
 *fill*         0x08008bae        0x2 

.ARM.extab      0x08008bb0        0x0
                0x08008bb0                        . = ALIGN (0x4)
 *(.ARM.extab* .gnu.linkonce.armextab.*)
                0x08008bb0                        . = ALIGN (0x4)

.ARM            0x08008bb0        0x8
                0x08008bb0                        . = ALIGN (0x4)
                0x08008bb0                        __exidx_start = .
 *(.ARM.exidx*)
 .ARM.exidx     0x08008bb0        0x8 C:/ST/STM32CubeIDE_1.16.1/STM32CubeIDE/plugins/com.st.stm32cube.ide.mcu.externaltools.gnu-tools-for-stm32.12.3.rel1.win32_1.0.200.202406191623/tools/bin/../lib/gcc/arm-none-eabi/12.3.1/../../../../arm-none-eabi/lib/thumb/v7-m/nofp\libc_nano.a(libc_a-strlen.o)
                0x08008bb8                        __exidx_end = .
                0x08008bb8                        . = ALIGN (0x4)

.preinit_array  0x08008bb8        0x0
                0x08008bb8                        . = ALIGN (0x4)
                0x08008bb8                        PROVIDE (__preinit_array_start = .)
 *(.preinit_array*)
                0x08008bb8                        PROVIDE (__preinit_array_end = .)
                0x08008bb8                        . = ALIGN (0x4)

.init_array     0x08008bb8        0x4
                0x08008bb8                        . = ALIGN (0x4)
                0x08008bb8                        PROVIDE (__init_array_start = .)
 *(SORT_BY_NAME(.init_array.*))
 *(.init_array*)
 .init_array    0x08008bb8        0x4 C:/ST/STM32CubeIDE_1.16.1/STM32CubeIDE/plugins/com.st.stm32cube.ide.mcu.externaltools.gnu-tools-for-stm32.12.3.rel1.win32_1.0.200.202406191623/tools/bin/../lib/gcc/arm-none-eabi/12.3.1/thumb/v7-m/nofp/crtbegin.o
                0x08008bbc                        PROVIDE (__init_array_end = .)
                0x08008bbc                        . = ALIGN (0x4)

.fini_array     0x08008bbc        0x4
                0x08008bbc                        . = ALIGN (0x4)
                [!provide]                        PROVIDE (__fini_array_start = .)
 *(SORT_BY_NAME(.fini_array.*))
 *(.fini_array*)
 .fini_array    0x08008bbc        0x4 C:/ST/STM32CubeIDE_1.16.1/STM32CubeIDE/plugins/com.st.stm32cube.ide.mcu.externaltools.gnu-tools-for-stm32.12.3.rel1.win32_1.0.200.202406191623/tools/bin/../lib/gcc/arm-none-eabi/12.3.1/thumb/v7-m/nofp/crtbegin.o
                [!provide]                        PROVIDE (__fini_array_end = .)
                0x08008bc0                        . = ALIGN (0x4)
                0x08008bc0                        _sidata = LOADADDR (.data)

.rel.dyn        0x08008bc0        0x0
 .rel.iplt      0x08008bc0        0x0 C:/ST/STM32CubeIDE_1.16.1/STM32CubeIDE/plugins/com.st.stm32cube.ide.mcu.externaltools.gnu-tools-for-stm32.12.3.rel1.win32_1.0.200.202406191623/tools/bin/../lib/gcc/arm-none-eabi/12.3.1/thumb/v7-m/nofp/crtbegin.o

.data           0x20000000      0x1d8 load address 0x08008bc0
                0x20000000                        . = ALIGN (0x4)
                0x20000000                        _sdata = .
 *(.data)
 *(.data*)
 .data.event_counter.0
                0x20000000        0x1 ./Core/Src/main.o
 *fill*         0x20000001        0x3 
 .data.SystemCoreClock
                0x20000004        0x4 ./Core/Src/system_stm32f1xx.o
                0x20000004                SystemCoreClock
 .data.uwTickPrio
                0x20000008        0x4 ./Drivers/STM32F1xx_HAL_Driver/Src/stm32f1xx_hal.o
                0x20000008                uwTickPrio
 .data.uwTickFreq
                0x2000000c        0x1 ./Drivers/STM32F1xx_HAL_Driver/Src/stm32f1xx_hal.o
                0x2000000c                uwTickFreq
 *fill*         0x2000000d        0x3 
 .data.__sglue  0x20000010        0xc C:/ST/STM32CubeIDE_1.16.1/STM32CubeIDE/plugins/com.st.stm32cube.ide.mcu.externaltools.gnu-tools-for-stm32.12.3.rel1.win32_1.0.200.202406191623/tools/bin/../lib/gcc/arm-none-eabi/12.3.1/../../../../arm-none-eabi/lib/thumb/v7-m/nofp\libc_nano.a(libc_a-findfp.o)
                0x20000010                __sglue
 .data._impure_ptr
                0x2000001c        0x4 C:/ST/STM32CubeIDE_1.16.1/STM32CubeIDE/plugins/com.st.stm32cube.ide.mcu.externaltools.gnu-tools-for-stm32.12.3.rel1.win32_1.0.200.202406191623/tools/bin/../lib/gcc/arm-none-eabi/12.3.1/../../../../arm-none-eabi/lib/thumb/v7-m/nofp\libc_nano.a(libc_a-impure.o)
                0x2000001c                _impure_ptr
 .data._impure_data
                0x20000020       0x4c C:/ST/STM32CubeIDE_1.16.1/STM32CubeIDE/plugins/com.st.stm32cube.ide.mcu.externaltools.gnu-tools-for-stm32.12.3.rel1.win32_1.0.200.202406191623/tools/bin/../lib/gcc/arm-none-eabi/12.3.1/../../../../arm-none-eabi/lib/thumb/v7-m/nofp\libc_nano.a(libc_a-impure.o)
                0x20000020                _impure_data
 .data.__global_locale
                0x2000006c      0x16c C:/ST/STM32CubeIDE_1.16.1/STM32CubeIDE/plugins/com.st.stm32cube.ide.mcu.externaltools.gnu-tools-for-stm32.12.3.rel1.win32_1.0.200.202406191623/tools/bin/../lib/gcc/arm-none-eabi/12.3.1/../../../../arm-none-eabi/lib/thumb/v7-m/nofp\libc_nano.a(libc_a-locale.o)
                0x2000006c                __global_locale
 *(.RamFunc)
 *(.RamFunc*)
                0x200001d8                        . = ALIGN (0x4)
                0x200001d8                        _edata = .

.igot.plt       0x200001d8        0x0 load address 0x08008d98
 .igot.plt      0x200001d8        0x0 C:/ST/STM32CubeIDE_1.16.1/STM32CubeIDE/plugins/com.st.stm32cube.ide.mcu.externaltools.gnu-tools-for-stm32.12.3.rel1.win32_1.0.200.202406191623/tools/bin/../lib/gcc/arm-none-eabi/12.3.1/thumb/v7-m/nofp/crtbegin.o
                0x200001d8                        . = ALIGN (0x4)

.bss            0x200001d8      0x408 load address 0x08008d98
                0x200001d8                        _sbss = .
                0x200001d8                        __bss_start__ = _sbss
 *(.bss)
 .bss           0x200001d8       0x1c C:/ST/STM32CubeIDE_1.16.1/STM32CubeIDE/plugins/com.st.stm32cube.ide.mcu.externaltools.gnu-tools-for-stm32.12.3.rel1.win32_1.0.200.202406191623/tools/bin/../lib/gcc/arm-none-eabi/12.3.1/thumb/v7-m/nofp/crtbegin.o
 *(.bss*)
 .bss.Rh_byte1  0x200001f4        0x1 ./Core/Src/DHT.o
                0x200001f4                Rh_byte1
 .bss.Rh_byte2  0x200001f5        0x1 ./Core/Src/DHT.o
                0x200001f5                Rh_byte2
 .bss.Temp_byte1
                0x200001f6        0x1 ./Core/Src/DHT.o
                0x200001f6                Temp_byte1
 .bss.Temp_byte2
                0x200001f7        0x1 ./Core/Src/DHT.o
                0x200001f7                Temp_byte2
 .bss.SUM       0x200001f8        0x2 ./Core/Src/DHT.o
                0x200001f8                SUM
 .bss.Presence  0x200001fa        0x1 ./Core/Src/DHT.o
                0x200001fa                Presence
 *fill*         0x200001fb        0x1 
 .bss.hi2c1     0x200001fc       0x54 ./Core/Src/main.o
                0x200001fc                hi2c1
 .bss.htim2     0x20000250       0x48 ./Core/Src/main.o
                0x20000250                htim2
 .bss.huart1    0x20000298       0x48 ./Core/Src/main.o
                0x20000298                huart1
 .bss.dht       0x200002e0        0x8 ./Core/Src/main.o
                0x200002e0                dht
 .bss.message   0x200002e8      0x12c ./Core/Src/main.o
                0x200002e8                message
 .bss.temp      0x20000414       0x32 ./Core/Src/main.o
                0x20000414                temp
 *fill*         0x20000446        0x2 
 .bss.humid     0x20000448       0x32 ./Core/Src/main.o
                0x20000448                humid
 *fill*         0x2000047a        0x2 
 .bss.event_queue
                0x2000047c        0xa ./Core/Src/main.o
                0x2000047c                event_queue
 .bss.event_queue_head
                0x20000486        0x1 ./Core/Src/main.o
                0x20000486                event_queue_head
 .bss.event_queue_tail
                0x20000487        0x1 ./Core/Src/main.o
                0x20000487                event_queue_tail
 .bss.timer_initialized
                0x20000488        0x1 ./Core/Src/main.o
                0x20000488                timer_initialized
 *fill*         0x20000489        0x3 
 .bss.__sbrk_heap_end
                0x2000048c        0x4 ./Core/Src/sysmem.o
 .bss.uwTick    0x20000490        0x4 ./Drivers/STM32F1xx_HAL_Driver/Src/stm32f1xx_hal.o
                0x20000490                uwTick
 .bss.__sf      0x20000494      0x138 C:/ST/STM32CubeIDE_1.16.1/STM32CubeIDE/plugins/com.st.stm32cube.ide.mcu.externaltools.gnu-tools-for-stm32.12.3.rel1.win32_1.0.200.202406191623/tools/bin/../lib/gcc/arm-none-eabi/12.3.1/../../../../arm-none-eabi/lib/thumb/v7-m/nofp\libc_nano.a(libc_a-findfp.o)
                0x20000494                __sf
 .bss.__stdio_exit_handler
                0x200005cc        0x4 C:/ST/STM32CubeIDE_1.16.1/STM32CubeIDE/plugins/com.st.stm32cube.ide.mcu.externaltools.gnu-tools-for-stm32.12.3.rel1.win32_1.0.200.202406191623/tools/bin/../lib/gcc/arm-none-eabi/12.3.1/../../../../arm-none-eabi/lib/thumb/v7-m/nofp\libc_nano.a(libc_a-findfp.o)
                0x200005cc                __stdio_exit_handler
 .bss.errno     0x200005d0        0x4 C:/ST/STM32CubeIDE_1.16.1/STM32CubeIDE/plugins/com.st.stm32cube.ide.mcu.externaltools.gnu-tools-for-stm32.12.3.rel1.win32_1.0.200.202406191623/tools/bin/../lib/gcc/arm-none-eabi/12.3.1/../../../../arm-none-eabi/lib/thumb/v7-m/nofp\libc_nano.a(libc_a-reent.o)
                0x200005d0                errno
 .bss.__lock___malloc_recursive_mutex
                0x200005d4        0x1 C:/ST/STM32CubeIDE_1.16.1/STM32CubeIDE/plugins/com.st.stm32cube.ide.mcu.externaltools.gnu-tools-for-stm32.12.3.rel1.win32_1.0.200.202406191623/tools/bin/../lib/gcc/arm-none-eabi/12.3.1/../../../../arm-none-eabi/lib/thumb/v7-m/nofp\libc_nano.a(libc_a-lock.o)
                0x200005d4                __lock___malloc_recursive_mutex
 .bss.__lock___sfp_recursive_mutex
                0x200005d5        0x1 C:/ST/STM32CubeIDE_1.16.1/STM32CubeIDE/plugins/com.st.stm32cube.ide.mcu.externaltools.gnu-tools-for-stm32.12.3.rel1.win32_1.0.200.202406191623/tools/bin/../lib/gcc/arm-none-eabi/12.3.1/../../../../arm-none-eabi/lib/thumb/v7-m/nofp\libc_nano.a(libc_a-lock.o)
                0x200005d5                __lock___sfp_recursive_mutex
 *fill*         0x200005d6        0x2 
 .bss.__malloc_sbrk_start
                0x200005d8        0x4 C:/ST/STM32CubeIDE_1.16.1/STM32CubeIDE/plugins/com.st.stm32cube.ide.mcu.externaltools.gnu-tools-for-stm32.12.3.rel1.win32_1.0.200.202406191623/tools/bin/../lib/gcc/arm-none-eabi/12.3.1/../../../../arm-none-eabi/lib/thumb/v7-m/nofp\libc_nano.a(libc_a-mallocr.o)
                0x200005d8                __malloc_sbrk_start
 .bss.__malloc_free_list
                0x200005dc        0x4 C:/ST/STM32CubeIDE_1.16.1/STM32CubeIDE/plugins/com.st.stm32cube.ide.mcu.externaltools.gnu-tools-for-stm32.12.3.rel1.win32_1.0.200.202406191623/tools/bin/../lib/gcc/arm-none-eabi/12.3.1/../../../../arm-none-eabi/lib/thumb/v7-m/nofp\libc_nano.a(libc_a-mallocr.o)
                0x200005dc                __malloc_free_list
 *(COMMON)
                0x200005e0                        . = ALIGN (0x4)
                0x200005e0                        _ebss = .
                0x200005e0                        __bss_end__ = _ebss

._user_heap_stack
                0x200005e0      0x600 load address 0x08008d98
                0x200005e0                        . = ALIGN (0x8)
                [!provide]                        PROVIDE (end = .)
                0x200005e0                        PROVIDE (_end = .)
                0x200007e0                        . = (. + _Min_Heap_Size)
 *fill*         0x200005e0      0x200 
                0x20000be0                        . = (. + _Min_Stack_Size)
 *fill*         0x200007e0      0x400 
                0x20000be0                        . = ALIGN (0x8)

/DISCARD/
 libc.a(*)
 libm.a(*)
 libgcc.a(*)

.ARM.attributes
                0x00000000       0x29
 *(.ARM.attributes)
 .ARM.attributes
                0x00000000       0x1d C:/ST/STM32CubeIDE_1.16.1/STM32CubeIDE/plugins/com.st.stm32cube.ide.mcu.externaltools.gnu-tools-for-stm32.12.3.rel1.win32_1.0.200.202406191623/tools/bin/../lib/gcc/arm-none-eabi/12.3.1/thumb/v7-m/nofp/crti.o
 .ARM.attributes
                0x0000001d       0x2d C:/ST/STM32CubeIDE_1.16.1/STM32CubeIDE/plugins/com.st.stm32cube.ide.mcu.externaltools.gnu-tools-for-stm32.12.3.rel1.win32_1.0.200.202406191623/tools/bin/../lib/gcc/arm-none-eabi/12.3.1/thumb/v7-m/nofp/crtbegin.o
 .ARM.attributes
                0x0000004a       0x2d ./Core/Src/DHT.o
 .ARM.attributes
                0x00000077       0x2d ./Core/Src/lcd_i2c.o
 .ARM.attributes
                0x000000a4       0x2d ./Core/Src/main.o
 .ARM.attributes
                0x000000d1       0x2d ./Core/Src/stm32f1xx_hal_msp.o
 .ARM.attributes
                0x000000fe       0x2d ./Core/Src/stm32f1xx_it.o
 .ARM.attributes
                0x0000012b       0x2d ./Core/Src/syscalls.o
 .ARM.attributes
                0x00000158       0x2d ./Core/Src/sysmem.o
 .ARM.attributes
                0x00000185       0x2d ./Core/Src/system_stm32f1xx.o
 .ARM.attributes
                0x000001b2       0x21 ./Core/Startup/startup_stm32f103c8tx.o
 .ARM.attributes
                0x000001d3       0x2d ./Drivers/STM32F1xx_HAL_Driver/Src/stm32f1xx_hal.o
 .ARM.attributes
                0x00000200       0x2d ./Drivers/STM32F1xx_HAL_Driver/Src/stm32f1xx_hal_cortex.o
 .ARM.attributes
                0x0000022d       0x2d ./Drivers/STM32F1xx_HAL_Driver/Src/stm32f1xx_hal_gpio.o
 .ARM.attributes
                0x0000025a       0x2d ./Drivers/STM32F1xx_HAL_Driver/Src/stm32f1xx_hal_i2c.o
 .ARM.attributes
                0x00000287       0x2d ./Drivers/STM32F1xx_HAL_Driver/Src/stm32f1xx_hal_rcc.o
 .ARM.attributes
                0x000002b4       0x2d ./Drivers/STM32F1xx_HAL_Driver/Src/stm32f1xx_hal_tim.o
 .ARM.attributes
                0x000002e1       0x2d ./Drivers/STM32F1xx_HAL_Driver/Src/stm32f1xx_hal_tim_ex.o
 .ARM.attributes
                0x0000030e       0x2d ./Drivers/STM32F1xx_HAL_Driver/Src/stm32f1xx_hal_uart.o
 .ARM.attributes
                0x0000033b       0x2d C:/ST/STM32CubeIDE_1.16.1/STM32CubeIDE/plugins/com.st.stm32cube.ide.mcu.externaltools.gnu-tools-for-stm32.12.3.rel1.win32_1.0.200.202406191623/tools/bin/../lib/gcc/arm-none-eabi/12.3.1/../../../../arm-none-eabi/lib/thumb/v7-m/nofp\libc_nano.a(libc_a-nano-vfprintf_float.o)
 .ARM.attributes
                0x00000368       0x2d C:/ST/STM32CubeIDE_1.16.1/STM32CubeIDE/plugins/com.st.stm32cube.ide.mcu.externaltools.gnu-tools-for-stm32.12.3.rel1.win32_1.0.200.202406191623/tools/bin/../lib/gcc/arm-none-eabi/12.3.1/../../../../arm-none-eabi/lib/thumb/v7-m/nofp\libc_nano.a(libc_a-nano-vfprintf_i.o)
 .ARM.attributes
                0x00000395       0x2d C:/ST/STM32CubeIDE_1.16.1/STM32CubeIDE/plugins/com.st.stm32cube.ide.mcu.externaltools.gnu-tools-for-stm32.12.3.rel1.win32_1.0.200.202406191623/tools/bin/../lib/gcc/arm-none-eabi/12.3.1/../../../../arm-none-eabi/lib/thumb/v7-m/nofp\libc_nano.a(libc_a-nano-vfscanf_float.o)
 .ARM.attributes
                0x000003c2       0x2d C:/ST/STM32CubeIDE_1.16.1/STM32CubeIDE/plugins/com.st.stm32cube.ide.mcu.externaltools.gnu-tools-for-stm32.12.3.rel1.win32_1.0.200.202406191623/tools/bin/../lib/gcc/arm-none-eabi/12.3.1/../../../../arm-none-eabi/lib/thumb/v7-m/nofp\libc_nano.a(libc_a-findfp.o)
 .ARM.attributes
                0x000003ef       0x2d C:/ST/STM32CubeIDE_1.16.1/STM32CubeIDE/plugins/com.st.stm32cube.ide.mcu.externaltools.gnu-tools-for-stm32.12.3.rel1.win32_1.0.200.202406191623/tools/bin/../lib/gcc/arm-none-eabi/12.3.1/../../../../arm-none-eabi/lib/thumb/v7-m/nofp\libc_nano.a(libc_a-fwalk.o)
 .ARM.attributes
                0x0000041c       0x2d C:/ST/STM32CubeIDE_1.16.1/STM32CubeIDE/plugins/com.st.stm32cube.ide.mcu.externaltools.gnu-tools-for-stm32.12.3.rel1.win32_1.0.200.202406191623/tools/bin/../lib/gcc/arm-none-eabi/12.3.1/../../../../arm-none-eabi/lib/thumb/v7-m/nofp\libc_nano.a(libc_a-snprintf.o)
 .ARM.attributes
                0x00000449       0x2d C:/ST/STM32CubeIDE_1.16.1/STM32CubeIDE/plugins/com.st.stm32cube.ide.mcu.externaltools.gnu-tools-for-stm32.12.3.rel1.win32_1.0.200.202406191623/tools/bin/../lib/gcc/arm-none-eabi/12.3.1/../../../../arm-none-eabi/lib/thumb/v7-m/nofp\libc_nano.a(libc_a-sprintf.o)
 .ARM.attributes
                0x00000476       0x2d C:/ST/STM32CubeIDE_1.16.1/STM32CubeIDE/plugins/com.st.stm32cube.ide.mcu.externaltools.gnu-tools-for-stm32.12.3.rel1.win32_1.0.200.202406191623/tools/bin/../lib/gcc/arm-none-eabi/12.3.1/../../../../arm-none-eabi/lib/thumb/v7-m/nofp\libc_nano.a(libc_a-stdio.o)
 .ARM.attributes
                0x000004a3       0x2d C:/ST/STM32CubeIDE_1.16.1/STM32CubeIDE/plugins/com.st.stm32cube.ide.mcu.externaltools.gnu-tools-for-stm32.12.3.rel1.win32_1.0.200.202406191623/tools/bin/../lib/gcc/arm-none-eabi/12.3.1/../../../../arm-none-eabi/lib/thumb/v7-m/nofp\libc_nano.a(libc_a-memset.o)
 .ARM.attributes
                0x000004d0       0x2d C:/ST/STM32CubeIDE_1.16.1/STM32CubeIDE/plugins/com.st.stm32cube.ide.mcu.externaltools.gnu-tools-for-stm32.12.3.rel1.win32_1.0.200.202406191623/tools/bin/../lib/gcc/arm-none-eabi/12.3.1/../../../../arm-none-eabi/lib/thumb/v7-m/nofp\libc_nano.a(libc_a-localeconv.o)
 .ARM.attributes