../Core/Src/main.c:86:5:main	8	static,ignoring_inline_asm
../Core/Src/main.c:151:6:SystemClock_Config	72	static
../Core/Src/main.c:188:13:MX_I2C1_Init	8	static
../Core/Src/main.c:222:13:MX_TIM1_Init	32	static
../Core/Src/main.c:268:13:MX_TIM2_Init	32	static
../Core/Src/main.c:313:13:MX_TIM3_Init	32	static
../Core/Src/main.c:358:13:MX_TIM4_Init	32	static
../Core/Src/main.c:403:13:MX_USART1_UART_Init	8	static
../Core/Src/main.c:436:13:MX_GPIO_Init	16	static
../Core/Src/main.c:450:6:task1	8	static
../Core/Src/main.c:456:6:task2	40	static
../Core/Src/main.c:463:6:task3	16	static
../Core/Src/main.c:475:6:add_event	16	static
../Core/Src/main.c:480:9:get_event	16	static
../Core/Src/main.c:489:6:process_events	16	static
../Core/Src/main.c:510:6:HAL_TIM_PeriodElapsedCallback	16	static
../Core/Src/main.c:538:6:Error_Handler	4	static,ignoring_inline_asm
